10.97.16.156 - - [28/Aug/2017:11:18:16 +0300] "GET /app_dev.php HTTP/1.1" 200 11196 "-" "Mozilla/5.0 (Windows NT 6.3; Win64; x64) AppleWebKit/537.36 (KHTML, like Gecko) Chrome/60.0.3112.113 Safari/537.36"
10.97.16.156 - - [28/Aug/2017:11:18:17 +0300] "GET /app_dev.php/_wdt/5e8887 HTTP/1.1" 200 3799 "http://lace.emagia.scm3-dev.emag.local/app_dev.php" "Mozilla/5.0 (Windows NT 6.3; Win64; x64) AppleWebKit/537.36 (KHTML, like Gecko) Chrome/60.0.3112.113 Safari/537.36"
10.97.16.232 - - [28/Aug/2017:11:30:03 +0300] "GET / HTTP/1.1" 500 752628 "-" "Mozilla/5.0 (Windows NT 10.0; Win64; x64) AppleWebKit/537.36 (KHTML, like Gecko) Chrome/60.0.3112.101 Safari/537.36"
10.97.16.232 - - [28/Aug/2017:11:30:03 +0300] "GET /_wdt/8c4916 HTTP/1.1" 200 3861 "http://lace.emagia.scm3-dev.emag.local/" "Mozilla/5.0 (Windows NT 10.0; Win64; x64) AppleWebKit/537.36 (KHTML, like Gecko) Chrome/60.0.3112.101 Safari/537.36"
10.97.16.232 - - [28/Aug/2017:11:31:08 +0300] "GET / HTTP/1.1" 500 752628 "-" "Mozilla/5.0 (Windows NT 10.0; Win64; x64) AppleWebKit/537.36 (KHTML, like Gecko) Chrome/60.0.3112.101 Safari/537.36"
10.97.16.232 - - [28/Aug/2017:11:31:09 +0300] "GET /_wdt/88aae6 HTTP/1.1" 200 3857 "http://lace.emagia.scm3-dev.emag.local/" "Mozilla/5.0 (Windows NT 10.0; Win64; x64) AppleWebKit/537.36 (KHTML, like Gecko) Chrome/60.0.3112.101 Safari/537.36"
10.97.16.232 - - [28/Aug/2017:11:34:21 +0300] "GET / HTTP/1.1" 200 11181 "-" "Mozilla/5.0 (Windows NT 10.0; Win64; x64) AppleWebKit/537.36 (KHTML, like Gecko) Chrome/60.0.3112.101 Safari/537.36"
10.97.16.232 - - [28/Aug/2017:11:34:21 +0300] "GET /favicon.ico HTTP/1.1" 200 2097 "http://lace.emagia.scm3-dev.emag.local/" "Mozilla/5.0 (Windows NT 10.0; Win64; x64) AppleWebKit/537.36 (KHTML, like Gecko) Chrome/60.0.3112.101 Safari/537.36"
10.97.16.232 - - [28/Aug/2017:11:34:21 +0300] "GET /_wdt/7736a8 HTTP/1.1" 200 3811 "http://lace.emagia.scm3-dev.emag.local/" "Mozilla/5.0 (Windows NT 10.0; Win64; x64) AppleWebKit/537.36 (KHTML, like Gecko) Chrome/60.0.3112.101 Safari/537.36"
192.168.12.244 - - [28/Aug/2017:11:40:26 +0300] "GET / HTTP/1.1" 200 11278 "-" "Mozilla/5.0 (X11; Linux x86_64) AppleWebKit/537.36 (KHTML, like Gecko) Chrome/60.0.3112.113 Safari/537.36"
192.168.12.244 - - [28/Aug/2017:11:40:26 +0300] "GET /characters/sonya.PNG HTTP/1.1" 200 248847 "http://lace.emagia.scm3-dev.emag.local/" "Mozilla/5.0 (X11; Linux x86_64) AppleWebKit/537.36 (KHTML, like Gecko) Chrome/60.0.3112.113 Safari/537.36"
192.168.12.244 - - [28/Aug/2017:11:40:26 +0300] "GET /characters/sindel.PNG HTTP/1.1" 200 257575 "http://lace.emagia.scm3-dev.emag.local/" "Mozilla/5.0 (X11; Linux x86_64) AppleWebKit/537.36 (KHTML, like Gecko) Chrome/60.0.3112.113 Safari/537.36"
192.168.12.244 - - [28/Aug/2017:11:40:26 +0300] "GET /characters/kitana.PNG HTTP/1.1" 200 308801 "http://lace.emagia.scm3-dev.emag.local/" "Mozilla/5.0 (X11; Linux x86_64) AppleWebKit/537.36 (KHTML, like Gecko) Chrome/60.0.3112.113 Safari/537.36"
192.168.12.244 - - [28/Aug/2017:11:40:26 +0300] "GET /characters/sheeva.PNG HTTP/1.1" 200 353606 "http://lace.emagia.scm3-dev.emag.local/" "Mozilla/5.0 (X11; Linux x86_64) AppleWebKit/537.36 (KHTML, like Gecko) Chrome/60.0.3112.113 Safari/537.36"
192.168.12.244 - - [28/Aug/2017:11:40:26 +0300] "GET /_wdt/980794 HTTP/1.1" 200 3798 "http://lace.emagia.scm3-dev.emag.local/" "Mozilla/5.0 (X11; Linux x86_64) AppleWebKit/537.36 (KHTML, like Gecko) Chrome/60.0.3112.113 Safari/537.36"
192.168.12.244 - - [28/Aug/2017:11:40:26 +0300] "GET /favicon.ico HTTP/1.1" 200 2097 "http://lace.emagia.scm3-dev.emag.local/" "Mozilla/5.0 (X11; Linux x86_64) AppleWebKit/537.36 (KHTML, like Gecko) Chrome/60.0.3112.113 Safari/537.36"
10.97.16.232 - - [28/Aug/2017:11:42:46 +0300] "GET / HTTP/1.1" 200 11089 "-" "Mozilla/5.0 (Windows NT 10.0; Win64; x64) AppleWebKit/537.36 (KHTML, like Gecko) Chrome/60.0.3112.101 Safari/537.36"
10.97.16.232 - - [28/Aug/2017:11:42:46 +0300] "GET /favicon.ico HTTP/1.1" 200 2097 "http://lace.emagia.scm3-dev.emag.local/" "Mozilla/5.0 (Windows NT 10.0; Win64; x64) AppleWebKit/537.36 (KHTML, like Gecko) Chrome/60.0.3112.101 Safari/537.36"
10.97.16.232 - - [28/Aug/2017:11:42:47 +0300] "GET /_wdt/d4e4b8 HTTP/1.1" 200 3806 "http://lace.emagia.scm3-dev.emag.local/" "Mozilla/5.0 (Windows NT 10.0; Win64; x64) AppleWebKit/537.36 (KHTML, like Gecko) Chrome/60.0.3112.101 Safari/537.36"
10.97.16.232 - - [28/Aug/2017:11:43:22 +0300] "GET / HTTP/1.1" 200 11284 "-" "Mozilla/5.0 (Windows NT 10.0; Win64; x64) AppleWebKit/537.36 (KHTML, like Gecko) Chrome/60.0.3112.101 Safari/537.36"
10.97.16.232 - - [28/Aug/2017:11:43:22 +0300] "GET /favicon.ico HTTP/1.1" 200 2097 "http://lace.emagia.scm3-dev.emag.local/" "Mozilla/5.0 (Windows NT 10.0; Win64; x64) AppleWebKit/537.36 (KHTML, like Gecko) Chrome/60.0.3112.101 Safari/537.36"
10.97.16.232 - - [28/Aug/2017:11:43:22 +0300] "GET /_wdt/fbf025 HTTP/1.1" 200 3794 "http://lace.emagia.scm3-dev.emag.local/" "Mozilla/5.0 (Windows NT 10.0; Win64; x64) AppleWebKit/537.36 (KHTML, like Gecko) Chrome/60.0.3112.101 Safari/537.36"
10.97.16.232 - - [28/Aug/2017:11:43:29 +0300] "GET / HTTP/1.1" 200 11288 "-" "Mozilla/5.0 (Windows NT 10.0; Win64; x64) AppleWebKit/537.36 (KHTML, like Gecko) Chrome/60.0.3112.101 Safari/537.36"
10.97.16.232 - - [28/Aug/2017:11:43:29 +0300] "GET /favicon.ico HTTP/1.1" 200 2097 "http://lace.emagia.scm3-dev.emag.local/" "Mozilla/5.0 (Windows NT 10.0; Win64; x64) AppleWebKit/537.36 (KHTML, like Gecko) Chrome/60.0.3112.101 Safari/537.36"
10.97.16.232 - - [28/Aug/2017:11:43:29 +0300] "GET /_wdt/954715 HTTP/1.1" 200 3791 "http://lace.emagia.scm3-dev.emag.local/" "Mozilla/5.0 (Windows NT 10.0; Win64; x64) AppleWebKit/537.36 (KHTML, like Gecko) Chrome/60.0.3112.101 Safari/537.36"
10.97.16.232 - - [28/Aug/2017:11:43:30 +0300] "GET / HTTP/1.1" 200 11285 "-" "Mozilla/5.0 (Windows NT 10.0; Win64; x64) AppleWebKit/537.36 (KHTML, like Gecko) Chrome/60.0.3112.101 Safari/537.36"
10.97.16.232 - - [28/Aug/2017:11:43:30 +0300] "GET /favicon.ico HTTP/1.1" 200 2097 "http://lace.emagia.scm3-dev.emag.local/" "Mozilla/5.0 (Windows NT 10.0; Win64; x64) AppleWebKit/537.36 (KHTML, like Gecko) Chrome/60.0.3112.101 Safari/537.36"
10.97.16.232 - - [28/Aug/2017:11:43:30 +0300] "GET /_wdt/65ee13 HTTP/1.1" 200 3791 "http://lace.emagia.scm3-dev.emag.local/" "Mozilla/5.0 (Windows NT 10.0; Win64; x64) AppleWebKit/537.36 (KHTML, like Gecko) Chrome/60.0.3112.101 Safari/537.36"
192.168.12.193 - - [28/Aug/2017:11:43:43 +0300] "GET / HTTP/1.1" 200 11340 "-" "Mozilla/5.0 (Windows NT 10.0; Win64; x64) AppleWebKit/537.36 (KHTML, like Gecko) Chrome/60.0.3112.90 Safari/537.36"
192.168.12.193 - - [28/Aug/2017:11:43:43 +0300] "GET /favicon.ico HTTP/1.1" 200 2097 "http://lace.emagia.scm3-dev.emag.local/" "Mozilla/5.0 (Windows NT 10.0; Win64; x64) AppleWebKit/537.36 (KHTML, like Gecko) Chrome/60.0.3112.90 Safari/537.36"
192.168.12.193 - - [28/Aug/2017:11:43:43 +0300] "GET /_wdt/6289ac HTTP/1.1" 200 3783 "http://lace.emagia.scm3-dev.emag.local/" "Mozilla/5.0 (Windows NT 10.0; Win64; x64) AppleWebKit/537.36 (KHTML, like Gecko) Chrome/60.0.3112.90 Safari/537.36"
10.97.16.232 - - [28/Aug/2017:11:50:45 +0300] "GET / HTTP/1.1" 200 11341 "-" "Mozilla/5.0 (Windows NT 10.0; Win64; x64) AppleWebKit/537.36 (KHTML, like Gecko) Chrome/60.0.3112.101 Safari/537.36"
10.97.16.232 - - [28/Aug/2017:11:50:45 +0300] "GET /favicon.ico HTTP/1.1" 200 2097 "http://lace.emagia.scm3-dev.emag.local/" "Mozilla/5.0 (Windows NT 10.0; Win64; x64) AppleWebKit/537.36 (KHTML, like Gecko) Chrome/60.0.3112.101 Safari/537.36"
10.97.16.232 - - [28/Aug/2017:11:50:45 +0300] "GET /_wdt/ea1052 HTTP/1.1" 200 3793 "http://lace.emagia.scm3-dev.emag.local/" "Mozilla/5.0 (Windows NT 10.0; Win64; x64) AppleWebKit/537.36 (KHTML, like Gecko) Chrome/60.0.3112.101 Safari/537.36"
10.97.16.229 - - [28/Aug/2017:11:52:01 +0300] "GET / HTTP/1.1" 200 11127 "-" "Mozilla/5.0 (Windows NT 6.3; Win64; x64; rv:57.0) Gecko/20100101 Firefox/57.0"
10.97.16.229 - - [28/Aug/2017:11:52:01 +0300] "GET /collapsable.css HTTP/1.1" 200 493 "http://lace.emagia.scm3-dev.emag.local/" "Mozilla/5.0 (Windows NT 6.3; Win64; x64; rv:57.0) Gecko/20100101 Firefox/57.0"
10.97.16.229 - - [28/Aug/2017:11:52:01 +0300] "GET /favicon.ico HTTP/1.1" 200 2097 "-" "Mozilla/5.0 (Windows NT 6.3; Win64; x64; rv:57.0) Gecko/20100101 Firefox/57.0"
10.97.16.229 - - [28/Aug/2017:11:52:01 +0300] "GET /characters/sonya.PNG HTTP/1.1" 200 248847 "http://lace.emagia.scm3-dev.emag.local/" "Mozilla/5.0 (Windows NT 6.3; Win64; x64; rv:57.0) Gecko/20100101 Firefox/57.0"
10.97.16.229 - - [28/Aug/2017:11:52:01 +0300] "GET /characters/sindel.PNG HTTP/1.1" 200 257575 "http://lace.emagia.scm3-dev.emag.local/" "Mozilla/5.0 (Windows NT 6.3; Win64; x64; rv:57.0) Gecko/20100101 Firefox/57.0"
10.97.16.229 - - [28/Aug/2017:11:52:01 +0300] "GET /characters/kitana.PNG HTTP/1.1" 200 308801 "http://lace.emagia.scm3-dev.emag.local/" "Mozilla/5.0 (Windows NT 6.3; Win64; x64; rv:57.0) Gecko/20100101 Firefox/57.0"
10.97.16.229 - - [28/Aug/2017:11:52:01 +0300] "GET /_wdt/e616e0 HTTP/1.1" 200 3791 "http://lace.emagia.scm3-dev.emag.local/" "Mozilla/5.0 (Windows NT 6.3; Win64; x64; rv:57.0) Gecko/20100101 Firefox/57.0"
10.97.16.232 - - [28/Aug/2017:11:52:03 +0300] "GET / HTTP/1.1" 200 11399 "-" "Mozilla/5.0 (Windows NT 10.0; Win64; x64) AppleWebKit/537.36 (KHTML, like Gecko) Chrome/60.0.3112.101 Safari/537.36"
10.97.16.232 - - [28/Aug/2017:11:52:03 +0300] "GET /favicon.ico HTTP/1.1" 200 2097 "http://lace.emagia.scm3-dev.emag.local/" "Mozilla/5.0 (Windows NT 10.0; Win64; x64) AppleWebKit/537.36 (KHTML, like Gecko) Chrome/60.0.3112.101 Safari/537.36"
10.97.16.232 - - [28/Aug/2017:11:52:03 +0300] "GET /_wdt/a2f6c7 HTTP/1.1" 200 3793 "http://lace.emagia.scm3-dev.emag.local/" "Mozilla/5.0 (Windows NT 10.0; Win64; x64) AppleWebKit/537.36 (KHTML, like Gecko) Chrome/60.0.3112.101 Safari/537.36"
10.97.16.105 - - [28/Aug/2017:11:52:09 +0300] "GET / HTTP/1.1" 200 11186 "-" "Mozilla/5.0 (Windows NT 10.0; WOW64; rv:53.0) Gecko/20100101 Firefox/53.0"
10.97.16.105 - - [28/Aug/2017:11:52:09 +0300] "GET /collapsable.css HTTP/1.1" 200 493 "http://lace.emagia.scm3-dev.emag.local/" "Mozilla/5.0 (Windows NT 10.0; WOW64; rv:53.0) Gecko/20100101 Firefox/53.0"
192.168.12.193 - - [28/Aug/2017:11:52:09 +0300] "GET / HTTP/1.1" 200 11445 "-" "Mozilla/5.0 (Windows NT 10.0; Win64; x64) AppleWebKit/537.36 (KHTML, like Gecko) Chrome/60.0.3112.90 Safari/537.36"
10.97.16.105 - - [28/Aug/2017:11:52:09 +0300] "GET /characters/sonya.PNG HTTP/1.1" 200 248847 "http://lace.emagia.scm3-dev.emag.local/" "Mozilla/5.0 (Windows NT 10.0; WOW64; rv:53.0) Gecko/20100101 Firefox/53.0"
10.97.16.105 - - [28/Aug/2017:11:52:09 +0300] "GET /characters/sindel.PNG HTTP/1.1" 200 257575 "http://lace.emagia.scm3-dev.emag.local/" "Mozilla/5.0 (Windows NT 10.0; WOW64; rv:53.0) Gecko/20100101 Firefox/53.0"
10.97.16.105 - - [28/Aug/2017:11:52:09 +0300] "GET /characters/sheeva.PNG HTTP/1.1" 200 353606 "http://lace.emagia.scm3-dev.emag.local/" "Mozilla/5.0 (Windows NT 10.0; WOW64; rv:53.0) Gecko/20100101 Firefox/53.0"
10.97.16.105 - - [28/Aug/2017:11:52:09 +0300] "GET /characters/kitana.PNG HTTP/1.1" 200 308801 "http://lace.emagia.scm3-dev.emag.local/" "Mozilla/5.0 (Windows NT 10.0; WOW64; rv:53.0) Gecko/20100101 Firefox/53.0"
10.97.16.105 - - [28/Aug/2017:11:52:09 +0300] "GET /favicon.ico HTTP/1.1" 200 2097 "-" "Mozilla/5.0 (Windows NT 10.0; WOW64; rv:53.0) Gecko/20100101 Firefox/53.0"
192.168.12.193 - - [28/Aug/2017:11:52:09 +0300] "GET /favicon.ico HTTP/1.1" 200 2097 "http://lace.emagia.scm3-dev.emag.local/" "Mozilla/5.0 (Windows NT 10.0; Win64; x64) AppleWebKit/537.36 (KHTML, like Gecko) Chrome/60.0.3112.90 Safari/537.36"
192.168.12.193 - - [28/Aug/2017:11:52:09 +0300] "GET /_wdt/34e2fd HTTP/1.1" 200 3792 "http://lace.emagia.scm3-dev.emag.local/" "Mozilla/5.0 (Windows NT 10.0; Win64; x64) AppleWebKit/537.36 (KHTML, like Gecko) Chrome/60.0.3112.90 Safari/537.36"
10.97.16.105 - - [28/Aug/2017:11:52:09 +0300] "GET /_wdt/883140 HTTP/1.1" 200 3792 "http://lace.emagia.scm3-dev.emag.local/" "Mozilla/5.0 (Windows NT 10.0; WOW64; rv:53.0) Gecko/20100101 Firefox/53.0"
10.97.16.232 - - [28/Aug/2017:11:52:14 +0300] "GET / HTTP/1.1" 200 11445 "-" "Mozilla/5.0 (Windows NT 10.0; Win64; x64) AppleWebKit/537.36 (KHTML, like Gecko) Chrome/60.0.3112.101 Safari/537.36"
10.97.16.232 - - [28/Aug/2017:11:52:15 +0300] "GET /favicon.ico HTTP/1.1" 200 2097 "http://lace.emagia.scm3-dev.emag.local/" "Mozilla/5.0 (Windows NT 10.0; Win64; x64) AppleWebKit/537.36 (KHTML, like Gecko) Chrome/60.0.3112.101 Safari/537.36"
10.97.16.232 - - [28/Aug/2017:11:52:15 +0300] "GET /_wdt/d7da2b HTTP/1.1" 200 3793 "http://lace.emagia.scm3-dev.emag.local/" "Mozilla/5.0 (Windows NT 10.0; Win64; x64) AppleWebKit/537.36 (KHTML, like Gecko) Chrome/60.0.3112.101 Safari/537.36"
192.168.12.193 - - [28/Aug/2017:11:52:15 +0300] "GET / HTTP/1.1" 200 11446 "-" "Mozilla/5.0 (Windows NT 10.0; Win64; x64) AppleWebKit/537.36 (KHTML, like Gecko) Chrome/60.0.3112.90 Safari/537.36"
192.168.12.193 - - [28/Aug/2017:11:52:15 +0300] "GET /favicon.ico HTTP/1.1" 200 2097 "http://lace.emagia.scm3-dev.emag.local/" "Mozilla/5.0 (Windows NT 10.0; Win64; x64) AppleWebKit/537.36 (KHTML, like Gecko) Chrome/60.0.3112.90 Safari/537.36"
192.168.12.193 - - [28/Aug/2017:11:52:15 +0300] "GET /_wdt/dd9c87 HTTP/1.1" 200 3793 "http://lace.emagia.scm3-dev.emag.local/" "Mozilla/5.0 (Windows NT 10.0; Win64; x64) AppleWebKit/537.36 (KHTML, like Gecko) Chrome/60.0.3112.90 Safari/537.36"
10.97.16.232 - - [28/Aug/2017:11:52:21 +0300] "GET / HTTP/1.1" 200 11449 "-" "Mozilla/5.0 (Windows NT 10.0; Win64; x64) AppleWebKit/537.36 (KHTML, like Gecko) Chrome/60.0.3112.101 Safari/537.36"
10.97.16.232 - - [28/Aug/2017:11:52:21 +0300] "GET /favicon.ico HTTP/1.1" 200 2097 "http://lace.emagia.scm3-dev.emag.local/" "Mozilla/5.0 (Windows NT 10.0; Win64; x64) AppleWebKit/537.36 (KHTML, like Gecko) Chrome/60.0.3112.101 Safari/537.36"
10.97.16.232 - - [28/Aug/2017:11:52:21 +0300] "GET /_wdt/1f5634 HTTP/1.1" 200 3790 "http://lace.emagia.scm3-dev.emag.local/" "Mozilla/5.0 (Windows NT 10.0; Win64; x64) AppleWebKit/537.36 (KHTML, like Gecko) Chrome/60.0.3112.101 Safari/537.36"
192.168.12.193 - - [28/Aug/2017:11:52:23 +0300] "GET / HTTP/1.1" 200 11446 "-" "Mozilla/5.0 (Windows NT 10.0; Win64; x64) AppleWebKit/537.36 (KHTML, like Gecko) Chrome/60.0.3112.90 Safari/537.36"
192.168.12.193 - - [28/Aug/2017:11:52:23 +0300] "GET /favicon.ico HTTP/1.1" 200 2097 "http://lace.emagia.scm3-dev.emag.local/" "Mozilla/5.0 (Windows NT 10.0; Win64; x64) AppleWebKit/537.36 (KHTML, like Gecko) Chrome/60.0.3112.90 Safari/537.36"
192.168.12.193 - - [28/Aug/2017:11:52:23 +0300] "GET /_wdt/ab3315 HTTP/1.1" 200 3791 "http://lace.emagia.scm3-dev.emag.local/" "Mozilla/5.0 (Windows NT 10.0; Win64; x64) AppleWebKit/537.36 (KHTML, like Gecko) Chrome/60.0.3112.90 Safari/537.36"
10.97.16.229 - - [28/Aug/2017:11:53:10 +0300] "GET / HTTP/1.1" 200 11182 "-" "Mozilla/5.0 (Windows NT 6.3; Win64; x64; rv:57.0) Gecko/20100101 Firefox/57.0"
10.97.16.229 - - [28/Aug/2017:11:53:10 +0300] "GET /collapsable.css HTTP/1.1" 200 493 "http://lace.emagia.scm3-dev.emag.local/" "Mozilla/5.0 (Windows NT 6.3; Win64; x64; rv:57.0) Gecko/20100101 Firefox/57.0"
10.97.16.229 - - [28/Aug/2017:11:53:10 +0300] "GET /characters/sindel.PNG HTTP/1.1" 200 257575 "http://lace.emagia.scm3-dev.emag.local/" "Mozilla/5.0 (Windows NT 6.3; Win64; x64; rv:57.0) Gecko/20100101 Firefox/57.0"
10.97.16.229 - - [28/Aug/2017:11:53:10 +0300] "GET /characters/sonya.PNG HTTP/1.1" 200 248847 "http://lace.emagia.scm3-dev.emag.local/" "Mozilla/5.0 (Windows NT 6.3; Win64; x64; rv:57.0) Gecko/20100101 Firefox/57.0"
10.97.16.229 - - [28/Aug/2017:11:53:10 +0300] "GET /characters/sheeva.PNG HTTP/1.1" 200 353606 "http://lace.emagia.scm3-dev.emag.local/" "Mozilla/5.0 (Windows NT 6.3; Win64; x64; rv:57.0) Gecko/20100101 Firefox/57.0"
10.97.16.229 - - [28/Aug/2017:11:53:10 +0300] "GET /characters/kitana.PNG HTTP/1.1" 200 308801 "http://lace.emagia.scm3-dev.emag.local/" "Mozilla/5.0 (Windows NT 6.3; Win64; x64; rv:57.0) Gecko/20100101 Firefox/57.0"
10.97.16.229 - - [28/Aug/2017:11:53:10 +0300] "GET /_wdt/3424e6 HTTP/1.1" 200 3791 "http://lace.emagia.scm3-dev.emag.local/" "Mozilla/5.0 (Windows NT 6.3; Win64; x64; rv:57.0) Gecko/20100101 Firefox/57.0"
10.97.16.229 - - [28/Aug/2017:11:53:14 +0300] "GET / HTTP/1.1" 200 11180 "-" "Mozilla/5.0 (Windows NT 6.3; Win64; x64; rv:57.0) Gecko/20100101 Firefox/57.0"
10.97.16.229 - - [28/Aug/2017:11:53:14 +0300] "GET /collapsable.css HTTP/1.1" 200 493 "http://lace.emagia.scm3-dev.emag.local/" "Mozilla/5.0 (Windows NT 6.3; Win64; x64; rv:57.0) Gecko/20100101 Firefox/57.0"
10.97.16.229 - - [28/Aug/2017:11:53:14 +0300] "GET /characters/sindel.PNG HTTP/1.1" 200 257575 "http://lace.emagia.scm3-dev.emag.local/" "Mozilla/5.0 (Windows NT 6.3; Win64; x64; rv:57.0) Gecko/20100101 Firefox/57.0"
10.97.16.229 - - [28/Aug/2017:11:53:14 +0300] "GET /characters/sonya.PNG HTTP/1.1" 200 248847 "http://lace.emagia.scm3-dev.emag.local/" "Mozilla/5.0 (Windows NT 6.3; Win64; x64; rv:57.0) Gecko/20100101 Firefox/57.0"
10.97.16.229 - - [28/Aug/2017:11:53:14 +0300] "GET /characters/kitana.PNG HTTP/1.1" 200 308801 "http://lace.emagia.scm3-dev.emag.local/" "Mozilla/5.0 (Windows NT 6.3; Win64; x64; rv:57.0) Gecko/20100101 Firefox/57.0"
10.97.16.229 - - [28/Aug/2017:11:53:14 +0300] "GET /characters/sheeva.PNG HTTP/1.1" 200 353606 "http://lace.emagia.scm3-dev.emag.local/" "Mozilla/5.0 (Windows NT 6.3; Win64; x64; rv:57.0) Gecko/20100101 Firefox/57.0"
10.97.16.229 - - [28/Aug/2017:11:53:14 +0300] "GET /_wdt/a983ec HTTP/1.1" 200 3796 "http://lace.emagia.scm3-dev.emag.local/" "Mozilla/5.0 (Windows NT 6.3; Win64; x64; rv:57.0) Gecko/20100101 Firefox/57.0"
10.97.16.229 - - [28/Aug/2017:11:53:18 +0300] "GET / HTTP/1.1" 200 11181 "-" "Mozilla/5.0 (Windows NT 6.3; Win64; x64; rv:57.0) Gecko/20100101 Firefox/57.0"
10.97.16.229 - - [28/Aug/2017:11:53:18 +0300] "GET /collapsable.css HTTP/1.1" 200 493 "http://lace.emagia.scm3-dev.emag.local/" "Mozilla/5.0 (Windows NT 6.3; Win64; x64; rv:57.0) Gecko/20100101 Firefox/57.0"
10.97.16.229 - - [28/Aug/2017:11:53:19 +0300] "GET /characters/kitana.PNG HTTP/1.1" 200 308801 "http://lace.emagia.scm3-dev.emag.local/" "Mozilla/5.0 (Windows NT 6.3; Win64; x64; rv:57.0) Gecko/20100101 Firefox/57.0"
10.97.16.229 - - [28/Aug/2017:11:53:19 +0300] "GET /characters/sonya.PNG HTTP/1.1" 200 248847 "http://lace.emagia.scm3-dev.emag.local/" "Mozilla/5.0 (Windows NT 6.3; Win64; x64; rv:57.0) Gecko/20100101 Firefox/57.0"
10.97.16.229 - - [28/Aug/2017:11:53:19 +0300] "GET /characters/sindel.PNG HTTP/1.1" 200 257575 "http://lace.emagia.scm3-dev.emag.local/" "Mozilla/5.0 (Windows NT 6.3; Win64; x64; rv:57.0) Gecko/20100101 Firefox/57.0"
10.97.16.229 - - [28/Aug/2017:11:53:19 +0300] "GET /characters/sheeva.PNG HTTP/1.1" 200 353606 "http://lace.emagia.scm3-dev.emag.local/" "Mozilla/5.0 (Windows NT 6.3; Win64; x64; rv:57.0) Gecko/20100101 Firefox/57.0"
10.97.16.229 - - [28/Aug/2017:11:53:19 +0300] "GET /_wdt/dea1c9 HTTP/1.1" 200 3794 "http://lace.emagia.scm3-dev.emag.local/" "Mozilla/5.0 (Windows NT 6.3; Win64; x64; rv:57.0) Gecko/20100101 Firefox/57.0"
10.97.16.229 - - [28/Aug/2017:11:53:21 +0300] "GET / HTTP/1.1" 200 11184 "-" "Mozilla/5.0 (Windows NT 6.3; Win64; x64; rv:57.0) Gecko/20100101 Firefox/57.0"
10.97.16.229 - - [28/Aug/2017:11:53:21 +0300] "GET /collapsable.css HTTP/1.1" 304 0 "http://lace.emagia.scm3-dev.emag.local/" "Mozilla/5.0 (Windows NT 6.3; Win64; x64; rv:57.0) Gecko/20100101 Firefox/57.0"
10.97.16.229 - - [28/Aug/2017:11:53:21 +0300] "GET /characters/kitana.PNG HTTP/1.1" 304 0 "http://lace.emagia.scm3-dev.emag.local/" "Mozilla/5.0 (Windows NT 6.3; Win64; x64; rv:57.0) Gecko/20100101 Firefox/57.0"
10.97.16.229 - - [28/Aug/2017:11:53:21 +0300] "GET /characters/sheeva.PNG HTTP/1.1" 304 0 "http://lace.emagia.scm3-dev.emag.local/" "Mozilla/5.0 (Windows NT 6.3; Win64; x64; rv:57.0) Gecko/20100101 Firefox/57.0"
10.97.16.229 - - [28/Aug/2017:11:53:21 +0300] "GET /characters/sonya.PNG HTTP/1.1" 304 0 "http://lace.emagia.scm3-dev.emag.local/" "Mozilla/5.0 (Windows NT 6.3; Win64; x64; rv:57.0) Gecko/20100101 Firefox/57.0"
10.97.16.229 - - [28/Aug/2017:11:53:21 +0300] "GET /characters/sindel.PNG HTTP/1.1" 304 0 "http://lace.emagia.scm3-dev.emag.local/" "Mozilla/5.0 (Windows NT 6.3; Win64; x64; rv:57.0) Gecko/20100101 Firefox/57.0"
10.97.16.229 - - [28/Aug/2017:11:53:21 +0300] "GET /_wdt/85807c HTTP/1.1" 200 3791 "http://lace.emagia.scm3-dev.emag.local/" "Mozilla/5.0 (Windows NT 6.3; Win64; x64; rv:57.0) Gecko/20100101 Firefox/57.0"
10.97.16.229 - - [28/Aug/2017:11:53:30 +0300] "GET / HTTP/1.1" 200 11182 "-" "Mozilla/5.0 (Windows NT 6.3; Win64; x64; rv:57.0) Gecko/20100101 Firefox/57.0"
10.97.16.229 - - [28/Aug/2017:11:53:30 +0300] "GET /collapsable.css HTTP/1.1" 304 0 "http://lace.emagia.scm3-dev.emag.local/" "Mozilla/5.0 (Windows NT 6.3; Win64; x64; rv:57.0) Gecko/20100101 Firefox/57.0"
10.97.16.229 - - [28/Aug/2017:11:53:30 +0300] "GET /characters/sonya.PNG HTTP/1.1" 304 0 "http://lace.emagia.scm3-dev.emag.local/" "Mozilla/5.0 (Windows NT 6.3; Win64; x64; rv:57.0) Gecko/20100101 Firefox/57.0"
10.97.16.229 - - [28/Aug/2017:11:53:30 +0300] "GET /characters/sindel.PNG HTTP/1.1" 304 0 "http://lace.emagia.scm3-dev.emag.local/" "Mozilla/5.0 (Windows NT 6.3; Win64; x64; rv:57.0) Gecko/20100101 Firefox/57.0"
10.97.16.229 - - [28/Aug/2017:11:53:30 +0300] "GET /characters/kitana.PNG HTTP/1.1" 304 0 "http://lace.emagia.scm3-dev.emag.local/" "Mozilla/5.0 (Windows NT 6.3; Win64; x64; rv:57.0) Gecko/20100101 Firefox/57.0"
10.97.16.229 - - [28/Aug/2017:11:53:30 +0300] "GET /characters/sheeva.PNG HTTP/1.1" 304 0 "http://lace.emagia.scm3-dev.emag.local/" "Mozilla/5.0 (Windows NT 6.3; Win64; x64; rv:57.0) Gecko/20100101 Firefox/57.0"
10.97.16.229 - - [28/Aug/2017:11:53:30 +0300] "GET /_wdt/5a9707 HTTP/1.1" 200 3791 "http://lace.emagia.scm3-dev.emag.local/" "Mozilla/5.0 (Windows NT 6.3; Win64; x64; rv:57.0) Gecko/20100101 Firefox/57.0"
10.97.16.229 - - [28/Aug/2017:11:53:31 +0300] "GET / HTTP/1.1" 200 11183 "-" "Mozilla/5.0 (Windows NT 6.3; Win64; x64; rv:57.0) Gecko/20100101 Firefox/57.0"
10.97.16.229 - - [28/Aug/2017:11:53:31 +0300] "GET /collapsable.css HTTP/1.1" 304 0 "http://lace.emagia.scm3-dev.emag.local/" "Mozilla/5.0 (Windows NT 6.3; Win64; x64; rv:57.0) Gecko/20100101 Firefox/57.0"
10.97.16.229 - - [28/Aug/2017:11:53:31 +0300] "GET /characters/sonya.PNG HTTP/1.1" 304 0 "http://lace.emagia.scm3-dev.emag.local/" "Mozilla/5.0 (Windows NT 6.3; Win64; x64; rv:57.0) Gecko/20100101 Firefox/57.0"
10.97.16.229 - - [28/Aug/2017:11:53:31 +0300] "GET /characters/kitana.PNG HTTP/1.1" 304 0 "http://lace.emagia.scm3-dev.emag.local/" "Mozilla/5.0 (Windows NT 6.3; Win64; x64; rv:57.0) Gecko/20100101 Firefox/57.0"
10.97.16.229 - - [28/Aug/2017:11:53:31 +0300] "GET /characters/sindel.PNG HTTP/1.1" 304 0 "http://lace.emagia.scm3-dev.emag.local/" "Mozilla/5.0 (Windows NT 6.3; Win64; x64; rv:57.0) Gecko/20100101 Firefox/57.0"
10.97.16.229 - - [28/Aug/2017:11:53:31 +0300] "GET /characters/sheeva.PNG HTTP/1.1" 304 0 "http://lace.emagia.scm3-dev.emag.local/" "Mozilla/5.0 (Windows NT 6.3; Win64; x64; rv:57.0) Gecko/20100101 Firefox/57.0"
10.97.16.229 - - [28/Aug/2017:11:53:32 +0300] "GET /_wdt/100508 HTTP/1.1" 200 3789 "http://lace.emagia.scm3-dev.emag.local/" "Mozilla/5.0 (Windows NT 6.3; Win64; x64; rv:57.0) Gecko/20100101 Firefox/57.0"
10.97.16.229 - - [28/Aug/2017:11:53:32 +0300] "GET / HTTP/1.1" 200 11184 "-" "Mozilla/5.0 (Windows NT 6.3; Win64; x64; rv:57.0) Gecko/20100101 Firefox/57.0"
10.97.16.229 - - [28/Aug/2017:11:53:32 +0300] "GET / HTTP/1.1" 499 0 "-" "Mozilla/5.0 (Windows NT 6.3; Win64; x64; rv:57.0) Gecko/20100101 Firefox/57.0"
10.97.16.229 - - [28/Aug/2017:11:53:33 +0300] "GET / HTTP/1.1" 499 0 "-" "Mozilla/5.0 (Windows NT 6.3; Win64; x64; rv:57.0) Gecko/20100101 Firefox/57.0"
10.97.16.229 - - [28/Aug/2017:11:53:33 +0300] "GET / HTTP/1.1" 499 0 "-" "Mozilla/5.0 (Windows NT 6.3; Win64; x64; rv:57.0) Gecko/20100101 Firefox/57.0"
10.97.16.229 - - [28/Aug/2017:11:53:33 +0300] "GET / HTTP/1.1" 499 0 "-" "Mozilla/5.0 (Windows NT 6.3; Win64; x64; rv:57.0) Gecko/20100101 Firefox/57.0"
192.168.12.100 - - [28/Aug/2017:11:53:33 +0300] "GET / HTTP/1.1" 200 11265 "-" "Mozilla/5.0 (Windows NT 10.0; Win64; x64) AppleWebKit/537.36 (KHTML, like Gecko) Chrome/60.0.3112.90 Safari/537.36"
10.97.16.229 - - [28/Aug/2017:11:53:33 +0300] "GET / HTTP/1.1" 499 0 "-" "Mozilla/5.0 (Windows NT 6.3; Win64; x64; rv:57.0) Gecko/20100101 Firefox/57.0"
192.168.12.100 - - [28/Aug/2017:11:53:33 +0300] "GET /_wdt/2a0f23 HTTP/1.1" 200 3792 "http://lace.emagia.scm3-dev.emag.local/" "Mozilla/5.0 (Windows NT 10.0; Win64; x64) AppleWebKit/537.36 (KHTML, like Gecko) Chrome/60.0.3112.90 Safari/537.36"
10.97.16.229 - - [28/Aug/2017:11:53:33 +0300] "GET / HTTP/1.1" 200 11291 "-" "Mozilla/5.0 (Windows NT 6.3; Win64; x64; rv:57.0) Gecko/20100101 Firefox/57.0"
10.97.16.229 - - [28/Aug/2017:11:53:33 +0300] "GET /collapsable.css HTTP/1.1" 304 0 "http://lace.emagia.scm3-dev.emag.local/" "Mozilla/5.0 (Windows NT 6.3; Win64; x64; rv:57.0) Gecko/20100101 Firefox/57.0"
10.97.16.229 - - [28/Aug/2017:11:53:33 +0300] "GET /characters/kitana.PNG HTTP/1.1" 304 0 "http://lace.emagia.scm3-dev.emag.local/" "Mozilla/5.0 (Windows NT 6.3; Win64; x64; rv:57.0) Gecko/20100101 Firefox/57.0"
10.97.16.229 - - [28/Aug/2017:11:53:34 +0300] "GET /_wdt/7ecc0a HTTP/1.1" 200 3788 "http://lace.emagia.scm3-dev.emag.local/" "Mozilla/5.0 (Windows NT 6.3; Win64; x64; rv:57.0) Gecko/20100101 Firefox/57.0"
10.97.16.229 - - [28/Aug/2017:11:53:37 +0300] "GET / HTTP/1.1" 200 11295 "-" "Mozilla/5.0 (Windows NT 6.3; Win64; x64; rv:57.0) Gecko/20100101 Firefox/57.0"
10.97.16.229 - - [28/Aug/2017:11:53:37 +0300] "GET /collapsable.css HTTP/1.1" 304 0 "http://lace.emagia.scm3-dev.emag.local/" "Mozilla/5.0 (Windows NT 6.3; Win64; x64; rv:57.0) Gecko/20100101 Firefox/57.0"
10.97.16.229 - - [28/Aug/2017:11:53:37 +0300] "GET /characters/kitana.PNG HTTP/1.1" 304 0 "http://lace.emagia.scm3-dev.emag.local/" "Mozilla/5.0 (Windows NT 6.3; Win64; x64; rv:57.0) Gecko/20100101 Firefox/57.0"
10.97.16.229 - - [28/Aug/2017:11:53:37 +0300] "GET /_wdt/cf514a HTTP/1.1" 200 3783 "http://lace.emagia.scm3-dev.emag.local/" "Mozilla/5.0 (Windows NT 6.3; Win64; x64; rv:57.0) Gecko/20100101 Firefox/57.0"
10.97.16.229 - - [28/Aug/2017:11:53:38 +0300] "GET / HTTP/1.1" 200 11288 "-" "Mozilla/5.0 (Windows NT 6.3; Win64; x64; rv:57.0) Gecko/20100101 Firefox/57.0"
10.97.16.229 - - [28/Aug/2017:11:53:38 +0300] "GET /collapsable.css HTTP/1.1" 304 0 "http://lace.emagia.scm3-dev.emag.local/" "Mozilla/5.0 (Windows NT 6.3; Win64; x64; rv:57.0) Gecko/20100101 Firefox/57.0"
10.97.16.229 - - [28/Aug/2017:11:53:38 +0300] "GET /characters/kitana.PNG HTTP/1.1" 304 0 "http://lace.emagia.scm3-dev.emag.local/" "Mozilla/5.0 (Windows NT 6.3; Win64; x64; rv:57.0) Gecko/20100101 Firefox/57.0"
10.97.16.229 - - [28/Aug/2017:11:53:38 +0300] "GET /_wdt/9cdef8 HTTP/1.1" 200 3789 "http://lace.emagia.scm3-dev.emag.local/" "Mozilla/5.0 (Windows NT 6.3; Win64; x64; rv:57.0) Gecko/20100101 Firefox/57.0"
10.97.16.229 - - [28/Aug/2017:11:53:42 +0300] "GET / HTTP/1.1" 200 11295 "-" "Mozilla/5.0 (Windows NT 6.3; Win64; x64; rv:57.0) Gecko/20100101 Firefox/57.0"
10.97.16.229 - - [28/Aug/2017:11:53:42 +0300] "GET /collapsable.css HTTP/1.1" 304 0 "http://lace.emagia.scm3-dev.emag.local/" "Mozilla/5.0 (Windows NT 6.3; Win64; x64; rv:57.0) Gecko/20100101 Firefox/57.0"
10.97.16.229 - - [28/Aug/2017:11:53:42 +0300] "GET /characters/kitana.PNG HTTP/1.1" 304 0 "http://lace.emagia.scm3-dev.emag.local/" "Mozilla/5.0 (Windows NT 6.3; Win64; x64; rv:57.0) Gecko/20100101 Firefox/57.0"
10.97.16.229 - - [28/Aug/2017:11:53:42 +0300] "GET /_wdt/d2871e HTTP/1.1" 200 3790 "http://lace.emagia.scm3-dev.emag.local/" "Mozilla/5.0 (Windows NT 6.3; Win64; x64; rv:57.0) Gecko/20100101 Firefox/57.0"
192.168.12.100 - - [28/Aug/2017:11:53:43 +0300] "GET / HTTP/1.1" 200 11367 "-" "Mozilla/5.0 (Windows NT 10.0; Win64; x64) AppleWebKit/537.36 (KHTML, like Gecko) Chrome/60.0.3112.90 Safari/537.36"
192.168.12.100 - - [28/Aug/2017:11:53:43 +0300] "GET /favicon.ico HTTP/1.1" 200 2097 "http://lace.emagia.scm3-dev.emag.local/" "Mozilla/5.0 (Windows NT 10.0; Win64; x64) AppleWebKit/537.36 (KHTML, like Gecko) Chrome/60.0.3112.90 Safari/537.36"
192.168.12.100 - - [28/Aug/2017:11:53:43 +0300] "GET /_wdt/5520cb HTTP/1.1" 200 3794 "http://lace.emagia.scm3-dev.emag.local/" "Mozilla/5.0 (Windows NT 10.0; Win64; x64) AppleWebKit/537.36 (KHTML, like Gecko) Chrome/60.0.3112.90 Safari/537.36"
10.97.16.229 - - [28/Aug/2017:11:53:43 +0300] "GET / HTTP/1.1" 200 11356 "-" "Mozilla/5.0 (Windows NT 6.3; Win64; x64; rv:57.0) Gecko/20100101 Firefox/57.0"
10.97.16.229 - - [28/Aug/2017:11:53:43 +0300] "GET /collapsable.css HTTP/1.1" 304 0 "http://lace.emagia.scm3-dev.emag.local/" "Mozilla/5.0 (Windows NT 6.3; Win64; x64; rv:57.0) Gecko/20100101 Firefox/57.0"
10.97.16.229 - - [28/Aug/2017:11:53:43 +0300] "GET /characters/kitana.PNG HTTP/1.1" 304 0 "http://lace.emagia.scm3-dev.emag.local/" "Mozilla/5.0 (Windows NT 6.3; Win64; x64; rv:57.0) Gecko/20100101 Firefox/57.0"
10.97.16.229 - - [28/Aug/2017:11:53:43 +0300] "GET /characters/sheeva.PNG HTTP/1.1" 304 0 "http://lace.emagia.scm3-dev.emag.local/" "Mozilla/5.0 (Windows NT 6.3; Win64; x64; rv:57.0) Gecko/20100101 Firefox/57.0"
10.97.16.229 - - [28/Aug/2017:11:53:44 +0300] "GET /_wdt/c8d7f7 HTTP/1.1" 200 3784 "http://lace.emagia.scm3-dev.emag.local/" "Mozilla/5.0 (Windows NT 6.3; Win64; x64; rv:57.0) Gecko/20100101 Firefox/57.0"
10.97.16.229 - - [28/Aug/2017:11:53:45 +0300] "GET / HTTP/1.1" 200 11355 "-" "Mozilla/5.0 (Windows NT 6.3; Win64; x64; rv:57.0) Gecko/20100101 Firefox/57.0"
10.97.16.229 - - [28/Aug/2017:11:53:45 +0300] "GET /collapsable.css HTTP/1.1" 304 0 "http://lace.emagia.scm3-dev.emag.local/" "Mozilla/5.0 (Windows NT 6.3; Win64; x64; rv:57.0) Gecko/20100101 Firefox/57.0"
10.97.16.229 - - [28/Aug/2017:11:53:45 +0300] "GET /characters/kitana.PNG HTTP/1.1" 304 0 "http://lace.emagia.scm3-dev.emag.local/" "Mozilla/5.0 (Windows NT 6.3; Win64; x64; rv:57.0) Gecko/20100101 Firefox/57.0"
10.97.16.229 - - [28/Aug/2017:11:53:45 +0300] "GET /characters/sheeva.PNG HTTP/1.1" 304 0 "http://lace.emagia.scm3-dev.emag.local/" "Mozilla/5.0 (Windows NT 6.3; Win64; x64; rv:57.0) Gecko/20100101 Firefox/57.0"
10.97.16.229 - - [28/Aug/2017:11:53:45 +0300] "GET /_wdt/68b7e1 HTTP/1.1" 200 3791 "http://lace.emagia.scm3-dev.emag.local/" "Mozilla/5.0 (Windows NT 6.3; Win64; x64; rv:57.0) Gecko/20100101 Firefox/57.0"
10.97.16.229 - - [28/Aug/2017:11:53:49 +0300] "GET / HTTP/1.1" 200 11357 "-" "Mozilla/5.0 (Windows NT 6.3; Win64; x64; rv:57.0) Gecko/20100101 Firefox/57.0"
10.97.16.229 - - [28/Aug/2017:11:53:49 +0300] "GET /collapsable.css HTTP/1.1" 304 0 "http://lace.emagia.scm3-dev.emag.local/" "Mozilla/5.0 (Windows NT 6.3; Win64; x64; rv:57.0) Gecko/20100101 Firefox/57.0"
10.97.16.229 - - [28/Aug/2017:11:53:49 +0300] "GET /characters/kitana.PNG HTTP/1.1" 304 0 "http://lace.emagia.scm3-dev.emag.local/" "Mozilla/5.0 (Windows NT 6.3; Win64; x64; rv:57.0) Gecko/20100101 Firefox/57.0"
10.97.16.229 - - [28/Aug/2017:11:53:49 +0300] "GET /characters/sheeva.PNG HTTP/1.1" 304 0 "http://lace.emagia.scm3-dev.emag.local/" "Mozilla/5.0 (Windows NT 6.3; Win64; x64; rv:57.0) Gecko/20100101 Firefox/57.0"
10.97.16.229 - - [28/Aug/2017:11:53:49 +0300] "GET /_wdt/e7fbd1 HTTP/1.1" 200 3790 "http://lace.emagia.scm3-dev.emag.local/" "Mozilla/5.0 (Windows NT 6.3; Win64; x64; rv:57.0) Gecko/20100101 Firefox/57.0"
10.97.16.229 - - [28/Aug/2017:11:53:50 +0300] "GET / HTTP/1.1" 200 11358 "-" "Mozilla/5.0 (Windows NT 6.3; Win64; x64; rv:57.0) Gecko/20100101 Firefox/57.0"
10.97.16.229 - - [28/Aug/2017:11:53:50 +0300] "GET /collapsable.css HTTP/1.1" 304 0 "http://lace.emagia.scm3-dev.emag.local/" "Mozilla/5.0 (Windows NT 6.3; Win64; x64; rv:57.0) Gecko/20100101 Firefox/57.0"
10.97.16.229 - - [28/Aug/2017:11:53:50 +0300] "GET /characters/kitana.PNG HTTP/1.1" 304 0 "http://lace.emagia.scm3-dev.emag.local/" "Mozilla/5.0 (Windows NT 6.3; Win64; x64; rv:57.0) Gecko/20100101 Firefox/57.0"
10.97.16.229 - - [28/Aug/2017:11:53:50 +0300] "GET /characters/sheeva.PNG HTTP/1.1" 304 0 "http://lace.emagia.scm3-dev.emag.local/" "Mozilla/5.0 (Windows NT 6.3; Win64; x64; rv:57.0) Gecko/20100101 Firefox/57.0"
10.97.16.229 - - [28/Aug/2017:11:53:50 +0300] "GET /_wdt/244498 HTTP/1.1" 200 3787 "http://lace.emagia.scm3-dev.emag.local/" "Mozilla/5.0 (Windows NT 6.3; Win64; x64; rv:57.0) Gecko/20100101 Firefox/57.0"
10.97.16.229 - - [28/Aug/2017:11:53:51 +0300] "GET / HTTP/1.1" 200 11357 "-" "Mozilla/5.0 (Windows NT 6.3; Win64; x64; rv:57.0) Gecko/20100101 Firefox/57.0"
10.97.16.229 - - [28/Aug/2017:11:53:51 +0300] "GET /collapsable.css HTTP/1.1" 304 0 "http://lace.emagia.scm3-dev.emag.local/" "Mozilla/5.0 (Windows NT 6.3; Win64; x64; rv:57.0) Gecko/20100101 Firefox/57.0"
10.97.16.229 - - [28/Aug/2017:11:53:51 +0300] "GET /characters/kitana.PNG HTTP/1.1" 304 0 "http://lace.emagia.scm3-dev.emag.local/" "Mozilla/5.0 (Windows NT 6.3; Win64; x64; rv:57.0) Gecko/20100101 Firefox/57.0"
10.97.16.229 - - [28/Aug/2017:11:53:51 +0300] "GET /characters/sheeva.PNG HTTP/1.1" 304 0 "http://lace.emagia.scm3-dev.emag.local/" "Mozilla/5.0 (Windows NT 6.3; Win64; x64; rv:57.0) Gecko/20100101 Firefox/57.0"
10.97.16.229 - - [28/Aug/2017:11:53:51 +0300] "GET /_wdt/eae05c HTTP/1.1" 200 3792 "http://lace.emagia.scm3-dev.emag.local/" "Mozilla/5.0 (Windows NT 6.3; Win64; x64; rv:57.0) Gecko/20100101 Firefox/57.0"
10.97.16.229 - - [28/Aug/2017:11:53:52 +0300] "GET / HTTP/1.1" 499 0 "-" "Mozilla/5.0 (Windows NT 6.3; Win64; x64; rv:57.0) Gecko/20100101 Firefox/57.0"
10.97.16.229 - - [28/Aug/2017:11:53:52 +0300] "GET / HTTP/1.1" 499 0 "-" "Mozilla/5.0 (Windows NT 6.3; Win64; x64; rv:57.0) Gecko/20100101 Firefox/57.0"
10.97.16.229 - - [28/Aug/2017:11:53:52 +0300] "GET / HTTP/1.1" 200 11358 "-" "Mozilla/5.0 (Windows NT 6.3; Win64; x64; rv:57.0) Gecko/20100101 Firefox/57.0"
10.97.16.229 - - [28/Aug/2017:11:53:52 +0300] "GET /collapsable.css HTTP/1.1" 304 0 "http://lace.emagia.scm3-dev.emag.local/" "Mozilla/5.0 (Windows NT 6.3; Win64; x64; rv:57.0) Gecko/20100101 Firefox/57.0"
10.97.16.229 - - [28/Aug/2017:11:53:52 +0300] "GET /characters/sheeva.PNG HTTP/1.1" 304 0 "http://lace.emagia.scm3-dev.emag.local/" "Mozilla/5.0 (Windows NT 6.3; Win64; x64; rv:57.0) Gecko/20100101 Firefox/57.0"
10.97.16.229 - - [28/Aug/2017:11:53:52 +0300] "GET /characters/kitana.PNG HTTP/1.1" 304 0 "http://lace.emagia.scm3-dev.emag.local/" "Mozilla/5.0 (Windows NT 6.3; Win64; x64; rv:57.0) Gecko/20100101 Firefox/57.0"
10.97.16.229 - - [28/Aug/2017:11:53:53 +0300] "GET /_wdt/f873f8 HTTP/1.1" 200 3788 "http://lace.emagia.scm3-dev.emag.local/" "Mozilla/5.0 (Windows NT 6.3; Win64; x64; rv:57.0) Gecko/20100101 Firefox/57.0"
192.168.12.100 - - [28/Aug/2017:11:53:53 +0300] "GET / HTTP/1.1" 200 11368 "-" "Mozilla/5.0 (Windows NT 10.0; Win64; x64) AppleWebKit/537.36 (KHTML, like Gecko) Chrome/60.0.3112.90 Safari/537.36"
192.168.12.100 - - [28/Aug/2017:11:53:53 +0300] "GET /favicon.ico HTTP/1.1" 200 2097 "http://lace.emagia.scm3-dev.emag.local/" "Mozilla/5.0 (Windows NT 10.0; Win64; x64) AppleWebKit/537.36 (KHTML, like Gecko) Chrome/60.0.3112.90 Safari/537.36"
192.168.12.100 - - [28/Aug/2017:11:53:53 +0300] "GET /_wdt/af6112 HTTP/1.1" 200 3798 "http://lace.emagia.scm3-dev.emag.local/" "Mozilla/5.0 (Windows NT 10.0; Win64; x64) AppleWebKit/537.36 (KHTML, like Gecko) Chrome/60.0.3112.90 Safari/537.36"
10.97.16.229 - - [28/Aug/2017:11:53:57 +0300] "GET / HTTP/1.1" 200 11357 "-" "Mozilla/5.0 (Windows NT 6.3; Win64; x64; rv:57.0) Gecko/20100101 Firefox/57.0"
10.97.16.229 - - [28/Aug/2017:11:53:57 +0300] "GET /collapsable.css HTTP/1.1" 304 0 "http://lace.emagia.scm3-dev.emag.local/" "Mozilla/5.0 (Windows NT 6.3; Win64; x64; rv:57.0) Gecko/20100101 Firefox/57.0"
10.97.16.229 - - [28/Aug/2017:11:53:57 +0300] "GET /characters/kitana.PNG HTTP/1.1" 304 0 "http://lace.emagia.scm3-dev.emag.local/" "Mozilla/5.0 (Windows NT 6.3; Win64; x64; rv:57.0) Gecko/20100101 Firefox/57.0"
10.97.16.229 - - [28/Aug/2017:11:53:57 +0300] "GET /characters/sheeva.PNG HTTP/1.1" 304 0 "http://lace.emagia.scm3-dev.emag.local/" "Mozilla/5.0 (Windows NT 6.3; Win64; x64; rv:57.0) Gecko/20100101 Firefox/57.0"
10.97.16.229 - - [28/Aug/2017:11:53:57 +0300] "GET /_wdt/4d80d1 HTTP/1.1" 200 3796 "http://lace.emagia.scm3-dev.emag.local/" "Mozilla/5.0 (Windows NT 6.3; Win64; x64; rv:57.0) Gecko/20100101 Firefox/57.0"
10.97.16.229 - - [28/Aug/2017:11:54:01 +0300] "GET / HTTP/1.1" 200 11353 "-" "Mozilla/5.0 (Windows NT 6.3; Win64; x64; rv:57.0) Gecko/20100101 Firefox/57.0"
10.97.16.229 - - [28/Aug/2017:11:54:01 +0300] "GET /collapsable.css HTTP/1.1" 304 0 "http://lace.emagia.scm3-dev.emag.local/" "Mozilla/5.0 (Windows NT 6.3; Win64; x64; rv:57.0) Gecko/20100101 Firefox/57.0"
10.97.16.229 - - [28/Aug/2017:11:54:01 +0300] "GET /characters/kitana.PNG HTTP/1.1" 304 0 "http://lace.emagia.scm3-dev.emag.local/" "Mozilla/5.0 (Windows NT 6.3; Win64; x64; rv:57.0) Gecko/20100101 Firefox/57.0"
10.97.16.229 - - [28/Aug/2017:11:54:01 +0300] "GET /characters/sheeva.PNG HTTP/1.1" 304 0 "http://lace.emagia.scm3-dev.emag.local/" "Mozilla/5.0 (Windows NT 6.3; Win64; x64; rv:57.0) Gecko/20100101 Firefox/57.0"
10.97.16.229 - - [28/Aug/2017:11:54:01 +0300] "GET /_wdt/124cb4 HTTP/1.1" 200 3791 "http://lace.emagia.scm3-dev.emag.local/" "Mozilla/5.0 (Windows NT 6.3; Win64; x64; rv:57.0) Gecko/20100101 Firefox/57.0"
10.97.16.229 - - [28/Aug/2017:11:54:02 +0300] "GET / HTTP/1.1" 200 11356 "-" "Mozilla/5.0 (Windows NT 6.3; Win64; x64; rv:57.0) Gecko/20100101 Firefox/57.0"
10.97.16.229 - - [28/Aug/2017:11:54:02 +0300] "GET /characters/kitana.PNG HTTP/1.1" 304 0 "http://lace.emagia.scm3-dev.emag.local/" "Mozilla/5.0 (Windows NT 6.3; Win64; x64; rv:57.0) Gecko/20100101 Firefox/57.0"
10.97.16.229 - - [28/Aug/2017:11:54:02 +0300] "GET /characters/sheeva.PNG HTTP/1.1" 304 0 "http://lace.emagia.scm3-dev.emag.local/" "Mozilla/5.0 (Windows NT 6.3; Win64; x64; rv:57.0) Gecko/20100101 Firefox/57.0"
10.97.16.229 - - [28/Aug/2017:11:54:03 +0300] "GET / HTTP/1.1" 200 11360 "-" "Mozilla/5.0 (Windows NT 6.3; Win64; x64; rv:57.0) Gecko/20100101 Firefox/57.0"
10.97.16.229 - - [28/Aug/2017:11:54:03 +0300] "GET /collapsable.css HTTP/1.1" 304 0 "http://lace.emagia.scm3-dev.emag.local/" "Mozilla/5.0 (Windows NT 6.3; Win64; x64; rv:57.0) Gecko/20100101 Firefox/57.0"
10.97.16.229 - - [28/Aug/2017:11:54:03 +0300] "GET /characters/sheeva.PNG HTTP/1.1" 304 0 "http://lace.emagia.scm3-dev.emag.local/" "Mozilla/5.0 (Windows NT 6.3; Win64; x64; rv:57.0) Gecko/20100101 Firefox/57.0"
10.97.16.229 - - [28/Aug/2017:11:54:03 +0300] "GET /characters/kitana.PNG HTTP/1.1" 304 0 "http://lace.emagia.scm3-dev.emag.local/" "Mozilla/5.0 (Windows NT 6.3; Win64; x64; rv:57.0) Gecko/20100101 Firefox/57.0"
10.97.16.229 - - [28/Aug/2017:11:54:03 +0300] "GET /_wdt/d801db HTTP/1.1" 200 3792 "http://lace.emagia.scm3-dev.emag.local/" "Mozilla/5.0 (Windows NT 6.3; Win64; x64; rv:57.0) Gecko/20100101 Firefox/57.0"
10.97.16.105 - - [28/Aug/2017:11:54:26 +0300] "GET / HTTP/1.1" 200 11401 "-" "Mozilla/5.0 (Windows NT 10.0; WOW64; rv:53.0) Gecko/20100101 Firefox/53.0"
10.97.16.105 - - [28/Aug/2017:11:54:26 +0300] "GET /_wdt/2d2415 HTTP/1.1" 200 3785 "http://lace.emagia.scm3-dev.emag.local/" "Mozilla/5.0 (Windows NT 10.0; WOW64; rv:53.0) Gecko/20100101 Firefox/53.0"
192.168.12.193 - - [28/Aug/2017:11:54:51 +0300] "GET / HTTP/1.1" 200 11548 "-" "Mozilla/5.0 (Windows NT 10.0; Win64; x64) AppleWebKit/537.36 (KHTML, like Gecko) Chrome/60.0.3112.90 Safari/537.36"
192.168.12.193 - - [28/Aug/2017:11:54:51 +0300] "GET /favicon.ico HTTP/1.1" 200 2097 "http://lace.emagia.scm3-dev.emag.local/" "Mozilla/5.0 (Windows NT 10.0; Win64; x64) AppleWebKit/537.36 (KHTML, like Gecko) Chrome/60.0.3112.90 Safari/537.36"
192.168.12.193 - - [28/Aug/2017:11:54:52 +0300] "GET /_wdt/5e4739 HTTP/1.1" 200 3789 "http://lace.emagia.scm3-dev.emag.local/" "Mozilla/5.0 (Windows NT 10.0; Win64; x64) AppleWebKit/537.36 (KHTML, like Gecko) Chrome/60.0.3112.90 Safari/537.36"
10.97.16.232 - - [28/Aug/2017:11:54:59 +0300] "GET / HTTP/1.1" 200 11276 "-" "Mozilla/5.0 (Windows NT 10.0; Win64; x64) AppleWebKit/537.36 (KHTML, like Gecko) Chrome/60.0.3112.101 Safari/537.36"
10.97.16.232 - - [28/Aug/2017:11:55:00 +0300] "GET /favicon.ico HTTP/1.1" 200 2097 "http://lace.emagia.scm3-dev.emag.local/" "Mozilla/5.0 (Windows NT 10.0; Win64; x64) AppleWebKit/537.36 (KHTML, like Gecko) Chrome/60.0.3112.101 Safari/537.36"
10.97.16.232 - - [28/Aug/2017:11:55:00 +0300] "GET /_wdt/943d23 HTTP/1.1" 200 3795 "http://lace.emagia.scm3-dev.emag.local/" "Mozilla/5.0 (Windows NT 10.0; Win64; x64) AppleWebKit/537.36 (KHTML, like Gecko) Chrome/60.0.3112.101 Safari/537.36"
10.97.16.232 - - [28/Aug/2017:11:55:12 +0300] "GET / HTTP/1.1" 200 11182 "-" "Mozilla/5.0 (Windows NT 10.0; Win64; x64) AppleWebKit/537.36 (KHTML, like Gecko) Chrome/60.0.3112.101 Safari/537.36"
10.97.16.232 - - [28/Aug/2017:11:55:12 +0300] "GET /favicon.ico HTTP/1.1" 200 2097 "http://lace.emagia.scm3-dev.emag.local/" "Mozilla/5.0 (Windows NT 10.0; Win64; x64) AppleWebKit/537.36 (KHTML, like Gecko) Chrome/60.0.3112.101 Safari/537.36"
10.97.16.232 - - [28/Aug/2017:11:55:12 +0300] "GET /_wdt/c42545 HTTP/1.1" 200 3791 "http://lace.emagia.scm3-dev.emag.local/" "Mozilla/5.0 (Windows NT 10.0; Win64; x64) AppleWebKit/537.36 (KHTML, like Gecko) Chrome/60.0.3112.101 Safari/537.36"
10.97.16.232 - - [28/Aug/2017:11:55:14 +0300] "GET / HTTP/1.1" 200 11400 "-" "Mozilla/5.0 (Windows NT 10.0; Win64; x64) AppleWebKit/537.36 (KHTML, like Gecko) Chrome/60.0.3112.101 Safari/537.36"
10.97.16.232 - - [28/Aug/2017:11:55:14 +0300] "GET /favicon.ico HTTP/1.1" 200 2097 "http://lace.emagia.scm3-dev.emag.local/" "Mozilla/5.0 (Windows NT 10.0; Win64; x64) AppleWebKit/537.36 (KHTML, like Gecko) Chrome/60.0.3112.101 Safari/537.36"
10.97.16.232 - - [28/Aug/2017:11:55:15 +0300] "GET /_wdt/1f0ece HTTP/1.1" 200 3789 "http://lace.emagia.scm3-dev.emag.local/" "Mozilla/5.0 (Windows NT 10.0; Win64; x64) AppleWebKit/537.36 (KHTML, like Gecko) Chrome/60.0.3112.101 Safari/537.36"
10.97.16.232 - - [28/Aug/2017:11:55:15 +0300] "GET / HTTP/1.1" 200 11404 "-" "Mozilla/5.0 (Windows NT 10.0; Win64; x64) AppleWebKit/537.36 (KHTML, like Gecko) Chrome/60.0.3112.101 Safari/537.36"
10.97.16.232 - - [28/Aug/2017:11:55:15 +0300] "GET /favicon.ico HTTP/1.1" 200 2097 "http://lace.emagia.scm3-dev.emag.local/" "Mozilla/5.0 (Windows NT 10.0; Win64; x64) AppleWebKit/537.36 (KHTML, like Gecko) Chrome/60.0.3112.101 Safari/537.36"
10.97.16.232 - - [28/Aug/2017:11:55:16 +0300] "GET /_wdt/0541ab HTTP/1.1" 200 3800 "http://lace.emagia.scm3-dev.emag.local/" "Mozilla/5.0 (Windows NT 10.0; Win64; x64) AppleWebKit/537.36 (KHTML, like Gecko) Chrome/60.0.3112.101 Safari/537.36"
10.97.16.105 - - [28/Aug/2017:11:55:29 +0300] "GET / HTTP/1.1" 200 11458 "-" "Mozilla/5.0 (Windows NT 10.0; WOW64; rv:53.0) Gecko/20100101 Firefox/53.0"
10.97.16.105 - - [28/Aug/2017:11:55:30 +0300] "GET /_wdt/fea36a HTTP/1.1" 200 3791 "http://lace.emagia.scm3-dev.emag.local/" "Mozilla/5.0 (Windows NT 10.0; WOW64; rv:53.0) Gecko/20100101 Firefox/53.0"
10.97.14.105 - - [28/Aug/2017:12:00:54 +0300] "GET / HTTP/1.1" 200 11131 "-" "Mozilla/5.0 (Windows NT 10.0; WOW64; rv:54.0) Gecko/20100101 Firefox/54.0"
10.97.14.105 - - [28/Aug/2017:12:00:54 +0300] "GET /collapsable.css HTTP/1.1" 200 493 "http://lace.emagia.scm3-dev.emag.local/" "Mozilla/5.0 (Windows NT 10.0; WOW64; rv:54.0) Gecko/20100101 Firefox/54.0"
10.97.14.105 - - [28/Aug/2017:12:00:54 +0300] "GET /favicon.ico HTTP/1.1" 200 2097 "-" "Mozilla/5.0 (Windows NT 10.0; WOW64; rv:54.0) Gecko/20100101 Firefox/54.0"
10.97.14.105 - - [28/Aug/2017:12:00:54 +0300] "GET /characters/sindel.PNG HTTP/1.1" 200 257575 "http://lace.emagia.scm3-dev.emag.local/" "Mozilla/5.0 (Windows NT 10.0; WOW64; rv:54.0) Gecko/20100101 Firefox/54.0"
10.97.14.105 - - [28/Aug/2017:12:00:54 +0300] "GET /characters/kitana.PNG HTTP/1.1" 200 308801 "http://lace.emagia.scm3-dev.emag.local/" "Mozilla/5.0 (Windows NT 10.0; WOW64; rv:54.0) Gecko/20100101 Firefox/54.0"
10.97.14.105 - - [28/Aug/2017:12:00:54 +0300] "GET /characters/sheeva.PNG HTTP/1.1" 200 353606 "http://lace.emagia.scm3-dev.emag.local/" "Mozilla/5.0 (Windows NT 10.0; WOW64; rv:54.0) Gecko/20100101 Firefox/54.0"
10.97.14.105 - - [28/Aug/2017:12:00:54 +0300] "GET /_wdt/cf44bb HTTP/1.1" 200 3792 "http://lace.emagia.scm3-dev.emag.local/" "Mozilla/5.0 (Windows NT 10.0; WOW64; rv:54.0) Gecko/20100101 Firefox/54.0"
192.168.12.193 - - [28/Aug/2017:13:09:06 +0300] "GET / HTTP/1.1" 200 11611 "-" "Mozilla/5.0 (Windows NT 10.0; Win64; x64) AppleWebKit/537.36 (KHTML, like Gecko) Chrome/60.0.3112.90 Safari/537.36"
192.168.12.193 - - [28/Aug/2017:13:09:06 +0300] "GET /favicon.ico HTTP/1.1" 200 2097 "http://lace.emagia.scm3-dev.emag.local/" "Mozilla/5.0 (Windows NT 10.0; Win64; x64) AppleWebKit/537.36 (KHTML, like Gecko) Chrome/60.0.3112.90 Safari/537.36"
192.168.12.193 - - [28/Aug/2017:13:09:06 +0300] "GET /_wdt/fdaea3 HTTP/1.1" 200 3789 "http://lace.emagia.scm3-dev.emag.local/" "Mozilla/5.0 (Windows NT 10.0; Win64; x64) AppleWebKit/537.36 (KHTML, like Gecko) Chrome/60.0.3112.90 Safari/537.36"
192.168.12.183 - - [28/Aug/2017:13:10:50 +0300] "GET / HTTP/1.1" 200 11265 "-" "Mozilla/5.0 (Windows NT 10.0; WOW64; rv:54.0) Gecko/20100101 Firefox/54.0"
192.168.12.183 - - [28/Aug/2017:13:10:51 +0300] "GET /characters/sonya.PNG HTTP/1.1" 200 248847 "http://lace.emagia.scm3-dev.emag.local/" "Mozilla/5.0 (Windows NT 10.0; WOW64; rv:54.0) Gecko/20100101 Firefox/54.0"
192.168.12.183 - - [28/Aug/2017:13:10:51 +0300] "GET /characters/sindel.PNG HTTP/1.1" 200 257575 "http://lace.emagia.scm3-dev.emag.local/" "Mozilla/5.0 (Windows NT 10.0; WOW64; rv:54.0) Gecko/20100101 Firefox/54.0"
192.168.12.183 - - [28/Aug/2017:13:10:51 +0300] "GET /favicon.ico HTTP/1.1" 200 2097 "-" "Mozilla/5.0 (Windows NT 10.0; WOW64; rv:54.0) Gecko/20100101 Firefox/54.0"
192.168.12.183 - - [28/Aug/2017:13:10:51 +0300] "GET /characters/sheeva.PNG HTTP/1.1" 200 353606 "http://lace.emagia.scm3-dev.emag.local/" "Mozilla/5.0 (Windows NT 10.0; WOW64; rv:54.0) Gecko/20100101 Firefox/54.0"
192.168.12.183 - - [28/Aug/2017:13:10:51 +0300] "GET /characters/kitana.PNG HTTP/1.1" 200 308801 "http://lace.emagia.scm3-dev.emag.local/" "Mozilla/5.0 (Windows NT 10.0; WOW64; rv:54.0) Gecko/20100101 Firefox/54.0"
192.168.12.183 - - [28/Aug/2017:13:10:51 +0300] "GET /_wdt/8e7b0c HTTP/1.1" 200 3794 "http://lace.emagia.scm3-dev.emag.local/" "Mozilla/5.0 (Windows NT 10.0; WOW64; rv:54.0) Gecko/20100101 Firefox/54.0"
192.168.12.193 - - [28/Aug/2017:13:13:29 +0300] "GET / HTTP/1.1" 200 11370 "-" "Mozilla/5.0 (Windows NT 10.0; Win64; x64) AppleWebKit/537.36 (KHTML, like Gecko) Chrome/60.0.3112.90 Safari/537.36"
192.168.12.193 - - [28/Aug/2017:13:13:29 +0300] "GET /favicon.ico HTTP/1.1" 200 2097 "http://lace.emagia.scm3-dev.emag.local/" "Mozilla/5.0 (Windows NT 10.0; Win64; x64) AppleWebKit/537.36 (KHTML, like Gecko) Chrome/60.0.3112.90 Safari/537.36"
192.168.12.193 - - [28/Aug/2017:13:13:29 +0300] "GET /_wdt/1c07c1 HTTP/1.1" 200 3790 "http://lace.emagia.scm3-dev.emag.local/" "Mozilla/5.0 (Windows NT 10.0; Win64; x64) AppleWebKit/537.36 (KHTML, like Gecko) Chrome/60.0.3112.90 Safari/537.36"
192.168.12.193 - - [28/Aug/2017:13:13:46 +0300] "GET / HTTP/1.1" 200 11577 "-" "Mozilla/5.0 (Windows NT 10.0; Win64; x64) AppleWebKit/537.36 (KHTML, like Gecko) Chrome/60.0.3112.90 Safari/537.36"
192.168.12.193 - - [28/Aug/2017:13:13:46 +0300] "GET /favicon.ico HTTP/1.1" 200 2097 "http://lace.emagia.scm3-dev.emag.local/" "Mozilla/5.0 (Windows NT 10.0; Win64; x64) AppleWebKit/537.36 (KHTML, like Gecko) Chrome/60.0.3112.90 Safari/537.36"
192.168.12.193 - - [28/Aug/2017:13:13:46 +0300] "GET /_wdt/b16e10 HTTP/1.1" 200 3790 "http://lace.emagia.scm3-dev.emag.local/" "Mozilla/5.0 (Windows NT 10.0; Win64; x64) AppleWebKit/537.36 (KHTML, like Gecko) Chrome/60.0.3112.90 Safari/537.36"
192.168.12.193 - - [28/Aug/2017:13:13:53 +0300] "GET / HTTP/1.1" 200 11572 "-" "Mozilla/5.0 (Windows NT 10.0; Win64; x64) AppleWebKit/537.36 (KHTML, like Gecko) Chrome/60.0.3112.90 Safari/537.36"
192.168.12.193 - - [28/Aug/2017:13:13:53 +0300] "GET /favicon.ico HTTP/1.1" 200 2097 "http://lace.emagia.scm3-dev.emag.local/" "Mozilla/5.0 (Windows NT 10.0; Win64; x64) AppleWebKit/537.36 (KHTML, like Gecko) Chrome/60.0.3112.90 Safari/537.36"
192.168.12.193 - - [28/Aug/2017:13:13:53 +0300] "GET /_wdt/3213c1 HTTP/1.1" 200 3790 "http://lace.emagia.scm3-dev.emag.local/" "Mozilla/5.0 (Windows NT 10.0; Win64; x64) AppleWebKit/537.36 (KHTML, like Gecko) Chrome/60.0.3112.90 Safari/537.36"
192.168.12.193 - - [28/Aug/2017:13:13:55 +0300] "GET / HTTP/1.1" 200 11570 "-" "Mozilla/5.0 (Windows NT 10.0; Win64; x64) AppleWebKit/537.36 (KHTML, like Gecko) Chrome/60.0.3112.90 Safari/537.36"
192.168.12.193 - - [28/Aug/2017:13:13:55 +0300] "GET /favicon.ico HTTP/1.1" 200 2097 "http://lace.emagia.scm3-dev.emag.local/" "Mozilla/5.0 (Windows NT 10.0; Win64; x64) AppleWebKit/537.36 (KHTML, like Gecko) Chrome/60.0.3112.90 Safari/537.36"
192.168.12.193 - - [28/Aug/2017:13:13:55 +0300] "GET /_wdt/ad2d17 HTTP/1.1" 200 3797 "http://lace.emagia.scm3-dev.emag.local/" "Mozilla/5.0 (Windows NT 10.0; Win64; x64) AppleWebKit/537.36 (KHTML, like Gecko) Chrome/60.0.3112.90 Safari/537.36"
10.97.16.186 - - [28/Aug/2017:13:14:20 +0300] "GET / HTTP/1.1" 200 11101 "-" "Mozilla/5.0 (Windows NT 6.3; WOW64; rv:54.0) Gecko/20100101 Firefox/54.0"
10.97.16.186 - - [28/Aug/2017:13:14:20 +0300] "GET /collapsable.css HTTP/1.1" 200 493 "http://lace.emagia.scm3-dev.emag.local/" "Mozilla/5.0 (Windows NT 6.3; WOW64; rv:54.0) Gecko/20100101 Firefox/54.0"
10.97.16.186 - - [28/Aug/2017:13:14:20 +0300] "GET /favicon.ico HTTP/1.1" 200 2097 "-" "Mozilla/5.0 (Windows NT 6.3; WOW64; rv:54.0) Gecko/20100101 Firefox/54.0"
