10.97.16.232 - - [22/Aug/2017:17:50:35 +0300] "GET /favicon.ico HTTP/1.1" 200 2097 "http://lace.emagia.scm3-dev.emag.local/" "Mozilla/5.0 (Windows NT 10.0; Win64; x64) AppleWebKit/537.36 (KHTML, like Gecko) Chrome/60.0.3112.101 Safari/537.36"
10.97.16.232 - - [22/Aug/2017:17:50:36 +0300] "GET /_wdt/5729df HTTP/1.1" 200 3798 "http://lace.emagia.scm3-dev.emag.local/" "Mozilla/5.0 (Windows NT 10.0; Win64; x64) AppleWebKit/537.36 (KHTML, like Gecko) Chrome/60.0.3112.101 Safari/537.36"
10.97.16.232 - - [22/Aug/2017:17:57:37 +0300] "GET / HTTP/1.1" 200 11411 "-" "Mozilla/5.0 (Windows NT 10.0; Win64; x64) AppleWebKit/537.36 (KHTML, like Gecko) Chrome/60.0.3112.101 Safari/537.36"
10.97.16.232 - - [22/Aug/2017:17:57:37 +0300] "GET /favicon.ico HTTP/1.1" 200 2097 "http://lace.emagia.scm3-dev.emag.local/" "Mozilla/5.0 (Windows NT 10.0; Win64; x64) AppleWebKit/537.36 (KHTML, like Gecko) Chrome/60.0.3112.101 Safari/537.36"
10.97.16.232 - - [22/Aug/2017:17:57:38 +0300] "GET /_wdt/60f5d8 HTTP/1.1" 200 3794 "http://lace.emagia.scm3-dev.emag.local/" "Mozilla/5.0 (Windows NT 10.0; Win64; x64) AppleWebKit/537.36 (KHTML, like Gecko) Chrome/60.0.3112.101 Safari/537.36"
10.97.16.232 - - [22/Aug/2017:17:58:15 +0300] "GET / HTTP/1.1" 200 11409 "-" "Mozilla/5.0 (Windows NT 10.0; Win64; x64) AppleWebKit/537.36 (KHTML, like Gecko) Chrome/60.0.3112.101 Safari/537.36"
10.97.16.232 - - [22/Aug/2017:17:58:15 +0300] "GET /favicon.ico HTTP/1.1" 200 2097 "http://lace.emagia.scm3-dev.emag.local/" "Mozilla/5.0 (Windows NT 10.0; Win64; x64) AppleWebKit/537.36 (KHTML, like Gecko) Chrome/60.0.3112.101 Safari/537.36"
10.97.16.232 - - [22/Aug/2017:17:58:15 +0300] "GET /_wdt/cb4feb HTTP/1.1" 200 3793 "http://lace.emagia.scm3-dev.emag.local/" "Mozilla/5.0 (Windows NT 10.0; Win64; x64) AppleWebKit/537.36 (KHTML, like Gecko) Chrome/60.0.3112.101 Safari/537.36"
10.97.16.232 - - [22/Aug/2017:17:58:56 +0300] "GET / HTTP/1.1" 200 11407 "-" "Mozilla/5.0 (Windows NT 10.0; Win64; x64) AppleWebKit/537.36 (KHTML, like Gecko) Chrome/60.0.3112.101 Safari/537.36"
10.97.16.232 - - [22/Aug/2017:17:58:56 +0300] "GET /favicon.ico HTTP/1.1" 200 2097 "http://lace.emagia.scm3-dev.emag.local/" "Mozilla/5.0 (Windows NT 10.0; Win64; x64) AppleWebKit/537.36 (KHTML, like Gecko) Chrome/60.0.3112.101 Safari/537.36"
10.97.16.232 - - [22/Aug/2017:17:58:56 +0300] "GET /_wdt/c2b1c9 HTTP/1.1" 200 3782 "http://lace.emagia.scm3-dev.emag.local/" "Mozilla/5.0 (Windows NT 10.0; Win64; x64) AppleWebKit/537.36 (KHTML, like Gecko) Chrome/60.0.3112.101 Safari/537.36"
10.97.16.232 - - [22/Aug/2017:18:00:00 +0300] "GET / HTTP/1.1" 200 11407 "-" "Mozilla/5.0 (Windows NT 10.0; Win64; x64) AppleWebKit/537.36 (KHTML, like Gecko) Chrome/60.0.3112.101 Safari/537.36"
10.97.16.232 - - [22/Aug/2017:18:00:00 +0300] "GET /favicon.ico HTTP/1.1" 200 2097 "http://lace.emagia.scm3-dev.emag.local/" "Mozilla/5.0 (Windows NT 10.0; Win64; x64) AppleWebKit/537.36 (KHTML, like Gecko) Chrome/60.0.3112.101 Safari/537.36"
10.97.16.232 - - [22/Aug/2017:18:00:00 +0300] "GET /_wdt/f8d94c HTTP/1.1" 200 3795 "http://lace.emagia.scm3-dev.emag.local/" "Mozilla/5.0 (Windows NT 10.0; Win64; x64) AppleWebKit/537.36 (KHTML, like Gecko) Chrome/60.0.3112.101 Safari/537.36"
10.97.16.232 - - [22/Aug/2017:18:00:19 +0300] "GET / HTTP/1.1" 200 11410 "-" "Mozilla/5.0 (Windows NT 10.0; Win64; x64) AppleWebKit/537.36 (KHTML, like Gecko) Chrome/60.0.3112.101 Safari/537.36"
10.97.16.232 - - [22/Aug/2017:18:00:19 +0300] "GET /favicon.ico HTTP/1.1" 200 2097 "http://lace.emagia.scm3-dev.emag.local/" "Mozilla/5.0 (Windows NT 10.0; Win64; x64) AppleWebKit/537.36 (KHTML, like Gecko) Chrome/60.0.3112.101 Safari/537.36"
10.97.16.232 - - [22/Aug/2017:18:00:19 +0300] "GET /_wdt/7c7e5a HTTP/1.1" 200 3793 "http://lace.emagia.scm3-dev.emag.local/" "Mozilla/5.0 (Windows NT 10.0; Win64; x64) AppleWebKit/537.36 (KHTML, like Gecko) Chrome/60.0.3112.101 Safari/537.36"
10.97.16.232 - - [22/Aug/2017:18:00:29 +0300] "GET / HTTP/1.1" 200 11408 "-" "Mozilla/5.0 (Windows NT 10.0; Win64; x64) AppleWebKit/537.36 (KHTML, like Gecko) Chrome/60.0.3112.101 Safari/537.36"
10.97.16.232 - - [22/Aug/2017:18:00:29 +0300] "GET /favicon.ico HTTP/1.1" 200 2097 "http://lace.emagia.scm3-dev.emag.local/" "Mozilla/5.0 (Windows NT 10.0; Win64; x64) AppleWebKit/537.36 (KHTML, like Gecko) Chrome/60.0.3112.101 Safari/537.36"
10.97.16.232 - - [22/Aug/2017:18:00:29 +0300] "GET /_wdt/8c9f0d HTTP/1.1" 200 3789 "http://lace.emagia.scm3-dev.emag.local/" "Mozilla/5.0 (Windows NT 10.0; Win64; x64) AppleWebKit/537.36 (KHTML, like Gecko) Chrome/60.0.3112.101 Safari/537.36"
10.97.16.232 - - [22/Aug/2017:18:01:11 +0300] "GET / HTTP/1.1" 200 11423 "-" "Mozilla/5.0 (Windows NT 10.0; Win64; x64) AppleWebKit/537.36 (KHTML, like Gecko) Chrome/60.0.3112.101 Safari/537.36"
10.97.16.232 - - [22/Aug/2017:18:01:11 +0300] "GET /favicon.ico HTTP/1.1" 200 2097 "http://lace.emagia.scm3-dev.emag.local/" "Mozilla/5.0 (Windows NT 10.0; Win64; x64) AppleWebKit/537.36 (KHTML, like Gecko) Chrome/60.0.3112.101 Safari/537.36"
10.97.16.232 - - [22/Aug/2017:18:01:11 +0300] "GET /_wdt/76536a HTTP/1.1" 200 3791 "http://lace.emagia.scm3-dev.emag.local/" "Mozilla/5.0 (Windows NT 10.0; Win64; x64) AppleWebKit/537.36 (KHTML, like Gecko) Chrome/60.0.3112.101 Safari/537.36"
10.97.16.232 - - [22/Aug/2017:18:01:24 +0300] "GET / HTTP/1.1" 200 11415 "-" "Mozilla/5.0 (Windows NT 10.0; Win64; x64) AppleWebKit/537.36 (KHTML, like Gecko) Chrome/60.0.3112.101 Safari/537.36"
10.97.16.232 - - [22/Aug/2017:18:01:24 +0300] "GET /favicon.ico HTTP/1.1" 200 2097 "http://lace.emagia.scm3-dev.emag.local/" "Mozilla/5.0 (Windows NT 10.0; Win64; x64) AppleWebKit/537.36 (KHTML, like Gecko) Chrome/60.0.3112.101 Safari/537.36"
10.97.16.232 - - [22/Aug/2017:18:01:25 +0300] "GET /_wdt/8afa8c HTTP/1.1" 200 3793 "http://lace.emagia.scm3-dev.emag.local/" "Mozilla/5.0 (Windows NT 10.0; Win64; x64) AppleWebKit/537.36 (KHTML, like Gecko) Chrome/60.0.3112.101 Safari/537.36"
10.97.16.232 - - [22/Aug/2017:18:01:31 +0300] "GET / HTTP/1.1" 200 11419 "-" "Mozilla/5.0 (Windows NT 10.0; Win64; x64) AppleWebKit/537.36 (KHTML, like Gecko) Chrome/60.0.3112.101 Safari/537.36"
10.97.16.232 - - [22/Aug/2017:18:01:31 +0300] "GET /favicon.ico HTTP/1.1" 200 2097 "http://lace.emagia.scm3-dev.emag.local/" "Mozilla/5.0 (Windows NT 10.0; Win64; x64) AppleWebKit/537.36 (KHTML, like Gecko) Chrome/60.0.3112.101 Safari/537.36"
10.97.16.232 - - [22/Aug/2017:18:01:31 +0300] "GET /_wdt/e3d0d4 HTTP/1.1" 200 3789 "http://lace.emagia.scm3-dev.emag.local/" "Mozilla/5.0 (Windows NT 10.0; Win64; x64) AppleWebKit/537.36 (KHTML, like Gecko) Chrome/60.0.3112.101 Safari/537.36"
10.97.16.232 - - [22/Aug/2017:18:01:48 +0300] "GET / HTTP/1.1" 200 11422 "-" "Mozilla/5.0 (Windows NT 10.0; Win64; x64) AppleWebKit/537.36 (KHTML, like Gecko) Chrome/60.0.3112.101 Safari/537.36"
10.97.16.232 - - [22/Aug/2017:18:01:48 +0300] "GET /favicon.ico HTTP/1.1" 200 2097 "http://lace.emagia.scm3-dev.emag.local/" "Mozilla/5.0 (Windows NT 10.0; Win64; x64) AppleWebKit/537.36 (KHTML, like Gecko) Chrome/60.0.3112.101 Safari/537.36"
10.97.16.232 - - [22/Aug/2017:18:01:48 +0300] "GET /_wdt/ca1c45 HTTP/1.1" 200 3789 "http://lace.emagia.scm3-dev.emag.local/" "Mozilla/5.0 (Windows NT 10.0; Win64; x64) AppleWebKit/537.36 (KHTML, like Gecko) Chrome/60.0.3112.101 Safari/537.36"
10.97.16.232 - - [22/Aug/2017:18:02:01 +0300] "GET / HTTP/1.1" 200 11424 "-" "Mozilla/5.0 (Windows NT 10.0; Win64; x64) AppleWebKit/537.36 (KHTML, like Gecko) Chrome/60.0.3112.101 Safari/537.36"
10.97.16.232 - - [22/Aug/2017:18:02:01 +0300] "GET /favicon.ico HTTP/1.1" 200 2097 "http://lace.emagia.scm3-dev.emag.local/" "Mozilla/5.0 (Windows NT 10.0; Win64; x64) AppleWebKit/537.36 (KHTML, like Gecko) Chrome/60.0.3112.101 Safari/537.36"
10.97.16.232 - - [22/Aug/2017:18:02:02 +0300] "GET /_wdt/7db294 HTTP/1.1" 200 3792 "http://lace.emagia.scm3-dev.emag.local/" "Mozilla/5.0 (Windows NT 10.0; Win64; x64) AppleWebKit/537.36 (KHTML, like Gecko) Chrome/60.0.3112.101 Safari/537.36"
10.97.16.232 - - [22/Aug/2017:18:02:34 +0300] "GET / HTTP/1.1" 200 11428 "-" "Mozilla/5.0 (Windows NT 10.0; Win64; x64) AppleWebKit/537.36 (KHTML, like Gecko) Chrome/60.0.3112.101 Safari/537.36"
10.97.16.232 - - [22/Aug/2017:18:02:35 +0300] "GET /favicon.ico HTTP/1.1" 200 2097 "http://lace.emagia.scm3-dev.emag.local/" "Mozilla/5.0 (Windows NT 10.0; Win64; x64) AppleWebKit/537.36 (KHTML, like Gecko) Chrome/60.0.3112.101 Safari/537.36"
10.97.16.232 - - [22/Aug/2017:18:02:35 +0300] "GET /_wdt/1fcd25 HTTP/1.1" 200 3794 "http://lace.emagia.scm3-dev.emag.local/" "Mozilla/5.0 (Windows NT 10.0; Win64; x64) AppleWebKit/537.36 (KHTML, like Gecko) Chrome/60.0.3112.101 Safari/537.36"
10.97.16.232 - - [22/Aug/2017:18:03:04 +0300] "GET / HTTP/1.1" 200 11428 "-" "Mozilla/5.0 (Windows NT 10.0; Win64; x64) AppleWebKit/537.36 (KHTML, like Gecko) Chrome/60.0.3112.101 Safari/537.36"
10.97.16.232 - - [22/Aug/2017:18:03:04 +0300] "GET /favicon.ico HTTP/1.1" 200 2097 "http://lace.emagia.scm3-dev.emag.local/" "Mozilla/5.0 (Windows NT 10.0; Win64; x64) AppleWebKit/537.36 (KHTML, like Gecko) Chrome/60.0.3112.101 Safari/537.36"
10.97.16.232 - - [22/Aug/2017:18:03:05 +0300] "GET /_wdt/ec7c91 HTTP/1.1" 200 3788 "http://lace.emagia.scm3-dev.emag.local/" "Mozilla/5.0 (Windows NT 10.0; Win64; x64) AppleWebKit/537.36 (KHTML, like Gecko) Chrome/60.0.3112.101 Safari/537.36"
10.97.16.232 - - [22/Aug/2017:18:04:11 +0300] "GET / HTTP/1.1" 200 11424 "-" "Mozilla/5.0 (Windows NT 10.0; Win64; x64) AppleWebKit/537.36 (KHTML, like Gecko) Chrome/60.0.3112.101 Safari/537.36"
10.97.16.232 - - [22/Aug/2017:18:04:11 +0300] "GET /favicon.ico HTTP/1.1" 200 2097 "http://lace.emagia.scm3-dev.emag.local/" "Mozilla/5.0 (Windows NT 10.0; Win64; x64) AppleWebKit/537.36 (KHTML, like Gecko) Chrome/60.0.3112.101 Safari/537.36"
10.97.16.232 - - [22/Aug/2017:18:04:11 +0300] "GET /_wdt/90572b HTTP/1.1" 200 3785 "http://lace.emagia.scm3-dev.emag.local/" "Mozilla/5.0 (Windows NT 10.0; Win64; x64) AppleWebKit/537.36 (KHTML, like Gecko) Chrome/60.0.3112.101 Safari/537.36"
10.97.16.232 - - [22/Aug/2017:18:04:45 +0300] "GET / HTTP/1.1" 200 11406 "-" "Mozilla/5.0 (Windows NT 10.0; Win64; x64) AppleWebKit/537.36 (KHTML, like Gecko) Chrome/60.0.3112.101 Safari/537.36"
10.97.16.232 - - [22/Aug/2017:18:04:45 +0300] "GET /favicon.ico HTTP/1.1" 200 2097 "http://lace.emagia.scm3-dev.emag.local/" "Mozilla/5.0 (Windows NT 10.0; Win64; x64) AppleWebKit/537.36 (KHTML, like Gecko) Chrome/60.0.3112.101 Safari/537.36"
10.97.16.232 - - [22/Aug/2017:18:04:45 +0300] "GET /_wdt/558dcc HTTP/1.1" 200 3795 "http://lace.emagia.scm3-dev.emag.local/" "Mozilla/5.0 (Windows NT 10.0; Win64; x64) AppleWebKit/537.36 (KHTML, like Gecko) Chrome/60.0.3112.101 Safari/537.36"
10.97.16.232 - - [22/Aug/2017:18:05:02 +0300] "GET / HTTP/1.1" 200 11412 "-" "Mozilla/5.0 (Windows NT 10.0; Win64; x64) AppleWebKit/537.36 (KHTML, like Gecko) Chrome/60.0.3112.101 Safari/537.36"
10.97.16.232 - - [22/Aug/2017:18:05:02 +0300] "GET /favicon.ico HTTP/1.1" 200 2097 "http://lace.emagia.scm3-dev.emag.local/" "Mozilla/5.0 (Windows NT 10.0; Win64; x64) AppleWebKit/537.36 (KHTML, like Gecko) Chrome/60.0.3112.101 Safari/537.36"
10.97.16.232 - - [22/Aug/2017:18:05:02 +0300] "GET /_wdt/4c861e HTTP/1.1" 200 3793 "http://lace.emagia.scm3-dev.emag.local/" "Mozilla/5.0 (Windows NT 10.0; Win64; x64) AppleWebKit/537.36 (KHTML, like Gecko) Chrome/60.0.3112.101 Safari/537.36"
10.97.16.232 - - [22/Aug/2017:18:06:24 +0300] "GET / HTTP/1.1" 200 11421 "-" "Mozilla/5.0 (Windows NT 10.0; Win64; x64) AppleWebKit/537.36 (KHTML, like Gecko) Chrome/60.0.3112.101 Safari/537.36"
10.97.16.232 - - [22/Aug/2017:18:06:24 +0300] "GET /favicon.ico HTTP/1.1" 200 2097 "http://lace.emagia.scm3-dev.emag.local/" "Mozilla/5.0 (Windows NT 10.0; Win64; x64) AppleWebKit/537.36 (KHTML, like Gecko) Chrome/60.0.3112.101 Safari/537.36"
10.97.16.232 - - [22/Aug/2017:18:06:24 +0300] "GET /_wdt/858c1f HTTP/1.1" 200 3794 "http://lace.emagia.scm3-dev.emag.local/" "Mozilla/5.0 (Windows NT 10.0; Win64; x64) AppleWebKit/537.36 (KHTML, like Gecko) Chrome/60.0.3112.101 Safari/537.36"
10.97.16.232 - - [22/Aug/2017:18:07:05 +0300] "GET / HTTP/1.1" 200 11415 "-" "Mozilla/5.0 (Windows NT 10.0; Win64; x64) AppleWebKit/537.36 (KHTML, like Gecko) Chrome/60.0.3112.101 Safari/537.36"
10.97.16.232 - - [22/Aug/2017:18:07:05 +0300] "GET /favicon.ico HTTP/1.1" 200 2097 "http://lace.emagia.scm3-dev.emag.local/" "Mozilla/5.0 (Windows NT 10.0; Win64; x64) AppleWebKit/537.36 (KHTML, like Gecko) Chrome/60.0.3112.101 Safari/537.36"
10.97.16.232 - - [22/Aug/2017:18:07:05 +0300] "GET /_wdt/29229d HTTP/1.1" 200 3791 "http://lace.emagia.scm3-dev.emag.local/" "Mozilla/5.0 (Windows NT 10.0; Win64; x64) AppleWebKit/537.36 (KHTML, like Gecko) Chrome/60.0.3112.101 Safari/537.36"
10.97.16.232 - - [22/Aug/2017:18:08:16 +0300] "GET / HTTP/1.1" 200 11410 "-" "Mozilla/5.0 (Windows NT 10.0; Win64; x64) AppleWebKit/537.36 (KHTML, like Gecko) Chrome/60.0.3112.101 Safari/537.36"
10.97.16.232 - - [22/Aug/2017:18:08:16 +0300] "GET /favicon.ico HTTP/1.1" 200 2097 "http://lace.emagia.scm3-dev.emag.local/" "Mozilla/5.0 (Windows NT 10.0; Win64; x64) AppleWebKit/537.36 (KHTML, like Gecko) Chrome/60.0.3112.101 Safari/537.36"
10.97.16.232 - - [22/Aug/2017:18:08:16 +0300] "GET /_wdt/96de3d HTTP/1.1" 200 3796 "http://lace.emagia.scm3-dev.emag.local/" "Mozilla/5.0 (Windows NT 10.0; Win64; x64) AppleWebKit/537.36 (KHTML, like Gecko) Chrome/60.0.3112.101 Safari/537.36"
10.97.16.232 - - [22/Aug/2017:18:10:04 +0300] "GET / HTTP/1.1" 200 11431 "-" "Mozilla/5.0 (Windows NT 10.0; Win64; x64) AppleWebKit/537.36 (KHTML, like Gecko) Chrome/60.0.3112.101 Safari/537.36"
10.97.16.232 - - [22/Aug/2017:18:10:04 +0300] "GET /favicon.ico HTTP/1.1" 200 2097 "http://lace.emagia.scm3-dev.emag.local/" "Mozilla/5.0 (Windows NT 10.0; Win64; x64) AppleWebKit/537.36 (KHTML, like Gecko) Chrome/60.0.3112.101 Safari/537.36"
10.97.16.232 - - [22/Aug/2017:18:10:05 +0300] "GET /_wdt/a1e6ce HTTP/1.1" 200 3792 "http://lace.emagia.scm3-dev.emag.local/" "Mozilla/5.0 (Windows NT 10.0; Win64; x64) AppleWebKit/537.36 (KHTML, like Gecko) Chrome/60.0.3112.101 Safari/537.36"
10.97.16.232 - - [22/Aug/2017:18:10:26 +0300] "GET / HTTP/1.1" 200 11431 "-" "Mozilla/5.0 (Windows NT 10.0; Win64; x64) AppleWebKit/537.36 (KHTML, like Gecko) Chrome/60.0.3112.101 Safari/537.36"
10.97.16.232 - - [22/Aug/2017:18:10:26 +0300] "GET /favicon.ico HTTP/1.1" 200 2097 "http://lace.emagia.scm3-dev.emag.local/" "Mozilla/5.0 (Windows NT 10.0; Win64; x64) AppleWebKit/537.36 (KHTML, like Gecko) Chrome/60.0.3112.101 Safari/537.36"
10.97.16.232 - - [22/Aug/2017:18:10:26 +0300] "GET /_wdt/c68daa HTTP/1.1" 200 3786 "http://lace.emagia.scm3-dev.emag.local/" "Mozilla/5.0 (Windows NT 10.0; Win64; x64) AppleWebKit/537.36 (KHTML, like Gecko) Chrome/60.0.3112.101 Safari/537.36"
10.97.16.232 - - [22/Aug/2017:18:10:34 +0300] "GET / HTTP/1.1" 200 11428 "-" "Mozilla/5.0 (Windows NT 10.0; Win64; x64) AppleWebKit/537.36 (KHTML, like Gecko) Chrome/60.0.3112.101 Safari/537.36"
10.97.16.232 - - [22/Aug/2017:18:10:34 +0300] "GET /favicon.ico HTTP/1.1" 200 2097 "http://lace.emagia.scm3-dev.emag.local/" "Mozilla/5.0 (Windows NT 10.0; Win64; x64) AppleWebKit/537.36 (KHTML, like Gecko) Chrome/60.0.3112.101 Safari/537.36"
10.97.16.232 - - [22/Aug/2017:18:10:34 +0300] "GET /_wdt/ddbeb0 HTTP/1.1" 200 3794 "http://lace.emagia.scm3-dev.emag.local/" "Mozilla/5.0 (Windows NT 10.0; Win64; x64) AppleWebKit/537.36 (KHTML, like Gecko) Chrome/60.0.3112.101 Safari/537.36"
10.97.16.250 - - [22/Aug/2017:18:11:14 +0300] "GET / HTTP/1.1" 200 11186 "-" "Mozilla/5.0 (Windows NT 10.0; Win64; x64) AppleWebKit/537.36 (KHTML, like Gecko) Chrome/60.0.3112.90 Safari/537.36"
10.97.16.250 - - [22/Aug/2017:18:11:14 +0300] "GET /collapsable.css HTTP/1.1" 200 493 "http://lace.emagia.scm3-dev.emag.local/" "Mozilla/5.0 (Windows NT 10.0; Win64; x64) AppleWebKit/537.36 (KHTML, like Gecko) Chrome/60.0.3112.90 Safari/537.36"
10.97.16.250 - - [22/Aug/2017:18:11:14 +0300] "GET /characters/sheeva.PNG HTTP/1.1" 200 353606 "http://lace.emagia.scm3-dev.emag.local/" "Mozilla/5.0 (Windows NT 10.0; Win64; x64) AppleWebKit/537.36 (KHTML, like Gecko) Chrome/60.0.3112.90 Safari/537.36"
10.97.16.250 - - [22/Aug/2017:18:11:14 +0300] "GET /characters/sonya.PNG HTTP/1.1" 200 248847 "http://lace.emagia.scm3-dev.emag.local/" "Mozilla/5.0 (Windows NT 10.0; Win64; x64) AppleWebKit/537.36 (KHTML, like Gecko) Chrome/60.0.3112.90 Safari/537.36"
10.97.16.250 - - [22/Aug/2017:18:11:14 +0300] "GET /characters/kitana.PNG HTTP/1.1" 200 308801 "http://lace.emagia.scm3-dev.emag.local/" "Mozilla/5.0 (Windows NT 10.0; Win64; x64) AppleWebKit/537.36 (KHTML, like Gecko) Chrome/60.0.3112.90 Safari/537.36"
10.97.16.250 - - [22/Aug/2017:18:11:14 +0300] "GET /characters/sindel.PNG HTTP/1.1" 200 257575 "http://lace.emagia.scm3-dev.emag.local/" "Mozilla/5.0 (Windows NT 10.0; Win64; x64) AppleWebKit/537.36 (KHTML, like Gecko) Chrome/60.0.3112.90 Safari/537.36"
10.97.16.250 - - [22/Aug/2017:18:11:15 +0300] "GET /favicon.ico HTTP/1.1" 200 2097 "http://lace.emagia.scm3-dev.emag.local/" "Mozilla/5.0 (Windows NT 10.0; Win64; x64) AppleWebKit/537.36 (KHTML, like Gecko) Chrome/60.0.3112.90 Safari/537.36"
10.97.16.250 - - [22/Aug/2017:18:11:15 +0300] "GET /_wdt/06adfc HTTP/1.1" 200 3801 "http://lace.emagia.scm3-dev.emag.local/" "Mozilla/5.0 (Windows NT 10.0; Win64; x64) AppleWebKit/537.36 (KHTML, like Gecko) Chrome/60.0.3112.90 Safari/537.36"
10.97.16.232 - - [22/Aug/2017:18:11:22 +0300] "GET / HTTP/1.1" 200 11477 "-" "Mozilla/5.0 (Windows NT 10.0; Win64; x64) AppleWebKit/537.36 (KHTML, like Gecko) Chrome/60.0.3112.101 Safari/537.36"
10.97.16.232 - - [22/Aug/2017:18:11:22 +0300] "GET /favicon.ico HTTP/1.1" 200 2097 "http://lace.emagia.scm3-dev.emag.local/" "Mozilla/5.0 (Windows NT 10.0; Win64; x64) AppleWebKit/537.36 (KHTML, like Gecko) Chrome/60.0.3112.101 Safari/537.36"
10.97.16.232 - - [22/Aug/2017:18:11:23 +0300] "GET /_wdt/75dbc7 HTTP/1.1" 200 3787 "http://lace.emagia.scm3-dev.emag.local/" "Mozilla/5.0 (Windows NT 10.0; Win64; x64) AppleWebKit/537.36 (KHTML, like Gecko) Chrome/60.0.3112.101 Safari/537.36"
10.97.16.250 - - [22/Aug/2017:18:11:26 +0300] "GET / HTTP/1.1" 200 11186 "-" "Mozilla/5.0 (Windows NT 10.0; Win64; x64) AppleWebKit/537.36 (KHTML, like Gecko) Chrome/60.0.3112.90 Safari/537.36"
10.97.16.250 - - [22/Aug/2017:18:11:26 +0300] "GET /_wdt/2d4fa3 HTTP/1.1" 200 3792 "http://lace.emagia.scm3-dev.emag.local/" "Mozilla/5.0 (Windows NT 10.0; Win64; x64) AppleWebKit/537.36 (KHTML, like Gecko) Chrome/60.0.3112.90 Safari/537.36"
10.97.16.250 - - [22/Aug/2017:18:11:53 +0300] "GET / HTTP/1.1" 200 11184 "-" "Mozilla/5.0 (Windows NT 10.0; Win64; x64) AppleWebKit/537.36 (KHTML, like Gecko) Chrome/60.0.3112.90 Safari/537.36"
10.97.16.250 - - [22/Aug/2017:18:11:54 +0300] "GET /_wdt/7f5f60 HTTP/1.1" 200 3791 "http://lace.emagia.scm3-dev.emag.local/" "Mozilla/5.0 (Windows NT 10.0; Win64; x64) AppleWebKit/537.36 (KHTML, like Gecko) Chrome/60.0.3112.90 Safari/537.36"
10.97.16.250 - - [22/Aug/2017:18:12:36 +0300] "GET /_profiler/7f5f60?panel=db HTTP/1.1" 200 23475 "http://lace.emagia.scm3-dev.emag.local/" "Mozilla/5.0 (Windows NT 10.0; Win64; x64) AppleWebKit/537.36 (KHTML, like Gecko) Chrome/60.0.3112.90 Safari/537.36"
192.168.12.193 - - [22/Aug/2017:18:12:56 +0300] "GET /lobby HTTP/1.1" 404 37183 "-" "Mozilla/5.0 (Windows NT 10.0; Win64; x64) AppleWebKit/537.36 (KHTML, like Gecko) Chrome/60.0.3112.90 Safari/537.36"
192.168.12.193 - - [22/Aug/2017:18:12:57 +0300] "GET /_wdt/b516df HTTP/1.1" 200 3239 "http://lace.emagia.scm3-dev.emag.local/lobby" "Mozilla/5.0 (Windows NT 10.0; Win64; x64) AppleWebKit/537.36 (KHTML, like Gecko) Chrome/60.0.3112.90 Safari/537.36"
192.168.12.193 - - [22/Aug/2017:18:13:03 +0300] "GET / HTTP/1.1" 200 11477 "-" "Mozilla/5.0 (Windows NT 10.0; Win64; x64) AppleWebKit/537.36 (KHTML, like Gecko) Chrome/60.0.3112.90 Safari/537.36"
192.168.12.193 - - [22/Aug/2017:18:13:03 +0300] "GET /characters/sonya.PNG HTTP/1.1" 200 248847 "http://lace.emagia.scm3-dev.emag.local/" "Mozilla/5.0 (Windows NT 10.0; Win64; x64) AppleWebKit/537.36 (KHTML, like Gecko) Chrome/60.0.3112.90 Safari/537.36"
192.168.12.193 - - [22/Aug/2017:18:13:03 +0300] "GET /characters/sindel.PNG HTTP/1.1" 200 257575 "http://lace.emagia.scm3-dev.emag.local/" "Mozilla/5.0 (Windows NT 10.0; Win64; x64) AppleWebKit/537.36 (KHTML, like Gecko) Chrome/60.0.3112.90 Safari/537.36"
192.168.12.193 - - [22/Aug/2017:18:13:03 +0300] "GET /characters/sheeva.PNG HTTP/1.1" 200 353606 "http://lace.emagia.scm3-dev.emag.local/" "Mozilla/5.0 (Windows NT 10.0; Win64; x64) AppleWebKit/537.36 (KHTML, like Gecko) Chrome/60.0.3112.90 Safari/537.36"
192.168.12.193 - - [22/Aug/2017:18:13:04 +0300] "GET /_wdt/3a26a4 HTTP/1.1" 200 3795 "http://lace.emagia.scm3-dev.emag.local/" "Mozilla/5.0 (Windows NT 10.0; Win64; x64) AppleWebKit/537.36 (KHTML, like Gecko) Chrome/60.0.3112.90 Safari/537.36"
10.97.16.250 - - [22/Aug/2017:18:13:25 +0300] "GET /_profiler/search?limit=10 HTTP/1.1" 302 5246 "http://lace.emagia.scm3-dev.emag.local/_profiler/7f5f60?panel=db" "Mozilla/5.0 (Windows NT 10.0; Win64; x64) AppleWebKit/537.36 (KHTML, like Gecko) Chrome/60.0.3112.90 Safari/537.36"
10.97.16.250 - - [22/Aug/2017:18:13:26 +0300] "GET /_profiler/3a26a4/search/results?ip=&limit=10 HTTP/1.1" 200 15671 "http://lace.emagia.scm3-dev.emag.local/_profiler/7f5f60?panel=db" "Mozilla/5.0 (Windows NT 10.0; Win64; x64) AppleWebKit/537.36 (KHTML, like Gecko) Chrome/60.0.3112.90 Safari/537.36"
10.97.16.232 - - [28/Aug/2017:10:23:57 +0300] "GET / HTTP/1.1" 200 11474 "-" "Mozilla/5.0 (Windows NT 10.0; Win64; x64) AppleWebKit/537.36 (KHTML, like Gecko) Chrome/60.0.3112.101 Safari/537.36"
10.97.16.232 - - [28/Aug/2017:10:23:57 +0300] "GET /characters/sheeva.PNG HTTP/1.1" 304 0 "http://lace.emagia.scm3-dev.emag.local/" "Mozilla/5.0 (Windows NT 10.0; Win64; x64) AppleWebKit/537.36 (KHTML, like Gecko) Chrome/60.0.3112.101 Safari/537.36"
10.97.16.232 - - [28/Aug/2017:10:23:57 +0300] "GET /collapsable.css HTTP/1.1" 304 0 "http://lace.emagia.scm3-dev.emag.local/" "Mozilla/5.0 (Windows NT 10.0; Win64; x64) AppleWebKit/537.36 (KHTML, like Gecko) Chrome/60.0.3112.101 Safari/537.36"
10.97.16.232 - - [28/Aug/2017:10:23:57 +0300] "GET /characters/kitana.PNG HTTP/1.1" 304 0 "http://lace.emagia.scm3-dev.emag.local/" "Mozilla/5.0 (Windows NT 10.0; Win64; x64) AppleWebKit/537.36 (KHTML, like Gecko) Chrome/60.0.3112.101 Safari/537.36"
10.97.16.232 - - [28/Aug/2017:10:23:57 +0300] "GET /characters/sonya.PNG HTTP/1.1" 304 0 "http://lace.emagia.scm3-dev.emag.local/" "Mozilla/5.0 (Windows NT 10.0; Win64; x64) AppleWebKit/537.36 (KHTML, like Gecko) Chrome/60.0.3112.101 Safari/537.36"
10.97.16.232 - - [28/Aug/2017:10:23:57 +0300] "GET /characters/sindel.PNG HTTP/1.1" 304 0 "http://lace.emagia.scm3-dev.emag.local/" "Mozilla/5.0 (Windows NT 10.0; Win64; x64) AppleWebKit/537.36 (KHTML, like Gecko) Chrome/60.0.3112.101 Safari/537.36"
10.97.16.232 - - [28/Aug/2017:10:23:58 +0300] "GET /_wdt/afdb20 HTTP/1.1" 200 3796 "http://lace.emagia.scm3-dev.emag.local/" "Mozilla/5.0 (Windows NT 10.0; Win64; x64) AppleWebKit/537.36 (KHTML, like Gecko) Chrome/60.0.3112.101 Safari/537.36"
10.97.16.232 - - [28/Aug/2017:11:09:19 +0300] "GET / HTTP/1.1" 200 9256 "-" "Mozilla/5.0 (Windows NT 10.0; Win64; x64) AppleWebKit/537.36 (KHTML, like Gecko) Chrome/60.0.3112.101 Safari/537.36"
10.97.16.232 - - [28/Aug/2017:11:09:19 +0300] "GET /favicon.ico HTTP/1.1" 200 2097 "http://lace.emagia.scm3-dev.emag.local/" "Mozilla/5.0 (Windows NT 10.0; Win64; x64) AppleWebKit/537.36 (KHTML, like Gecko) Chrome/60.0.3112.101 Safari/537.36"
10.97.16.232 - - [28/Aug/2017:11:09:20 +0300] "GET /_wdt/36ba70 HTTP/1.1" 200 3793 "http://lace.emagia.scm3-dev.emag.local/" "Mozilla/5.0 (Windows NT 10.0; Win64; x64) AppleWebKit/537.36 (KHTML, like Gecko) Chrome/60.0.3112.101 Safari/537.36"
10.97.16.232 - - [28/Aug/2017:11:09:26 +0300] "GET / HTTP/1.1" 200 9257 "-" "Mozilla/5.0 (Windows NT 10.0; Win64; x64) AppleWebKit/537.36 (KHTML, like Gecko) Chrome/60.0.3112.101 Safari/537.36"
10.97.16.232 - - [28/Aug/2017:11:09:26 +0300] "GET /favicon.ico HTTP/1.1" 200 2097 "http://lace.emagia.scm3-dev.emag.local/" "Mozilla/5.0 (Windows NT 10.0; Win64; x64) AppleWebKit/537.36 (KHTML, like Gecko) Chrome/60.0.3112.101 Safari/537.36"
10.97.16.232 - - [28/Aug/2017:11:09:26 +0300] "GET /_wdt/bee200 HTTP/1.1" 200 3789 "http://lace.emagia.scm3-dev.emag.local/" "Mozilla/5.0 (Windows NT 10.0; Win64; x64) AppleWebKit/537.36 (KHTML, like Gecko) Chrome/60.0.3112.101 Safari/537.36"
10.97.16.232 - - [28/Aug/2017:11:10:12 +0300] "GET / HTTP/1.1" 200 11475 "-" "Mozilla/5.0 (Windows NT 10.0; Win64; x64) AppleWebKit/537.36 (KHTML, like Gecko) Chrome/60.0.3112.101 Safari/537.36"
10.97.16.232 - - [28/Aug/2017:11:10:12 +0300] "GET /favicon.ico HTTP/1.1" 200 2097 "http://lace.emagia.scm3-dev.emag.local/" "Mozilla/5.0 (Windows NT 10.0; Win64; x64) AppleWebKit/537.36 (KHTML, like Gecko) Chrome/60.0.3112.101 Safari/537.36"
10.97.16.232 - - [28/Aug/2017:11:10:13 +0300] "GET /_wdt/cdcea8 HTTP/1.1" 200 3791 "http://lace.emagia.scm3-dev.emag.local/" "Mozilla/5.0 (Windows NT 10.0; Win64; x64) AppleWebKit/537.36 (KHTML, like Gecko) Chrome/60.0.3112.101 Safari/537.36"
10.97.16.232 - - [28/Aug/2017:11:10:37 +0300] "GET / HTTP/1.1" 200 10792 "-" "Mozilla/5.0 (Windows NT 10.0; Win64; x64) AppleWebKit/537.36 (KHTML, like Gecko) Chrome/60.0.3112.101 Safari/537.36"
10.97.16.232 - - [28/Aug/2017:11:10:38 +0300] "GET /favicon.ico HTTP/1.1" 200 2097 "http://lace.emagia.scm3-dev.emag.local/" "Mozilla/5.0 (Windows NT 10.0; Win64; x64) AppleWebKit/537.36 (KHTML, like Gecko) Chrome/60.0.3112.101 Safari/537.36"
10.97.16.232 - - [28/Aug/2017:11:10:38 +0300] "GET /_wdt/081a12 HTTP/1.1" 200 3790 "http://lace.emagia.scm3-dev.emag.local/" "Mozilla/5.0 (Windows NT 10.0; Win64; x64) AppleWebKit/537.36 (KHTML, like Gecko) Chrome/60.0.3112.101 Safari/537.36"
10.97.16.232 - - [28/Aug/2017:11:10:51 +0300] "GET / HTTP/1.1" 200 11010 "-" "Mozilla/5.0 (Windows NT 10.0; Win64; x64) AppleWebKit/537.36 (KHTML, like Gecko) Chrome/60.0.3112.101 Safari/537.36"
10.97.16.232 - - [28/Aug/2017:11:10:51 +0300] "GET /favicon.ico HTTP/1.1" 200 2097 "http://lace.emagia.scm3-dev.emag.local/" "Mozilla/5.0 (Windows NT 10.0; Win64; x64) AppleWebKit/537.36 (KHTML, like Gecko) Chrome/60.0.3112.101 Safari/537.36"
10.97.16.232 - - [28/Aug/2017:11:10:51 +0300] "GET /_wdt/427293 HTTP/1.1" 200 3794 "http://lace.emagia.scm3-dev.emag.local/" "Mozilla/5.0 (Windows NT 10.0; Win64; x64) AppleWebKit/537.36 (KHTML, like Gecko) Chrome/60.0.3112.101 Safari/537.36"
192.168.12.193 - - [28/Aug/2017:11:11:27 +0300] "GET / HTTP/1.1" 200 11067 "-" "Mozilla/5.0 (Windows NT 10.0; Win64; x64) AppleWebKit/537.36 (KHTML, like Gecko) Chrome/60.0.3112.90 Safari/537.36"
192.168.12.193 - - [28/Aug/2017:11:11:31 +0300] "GET /collapsable.css HTTP/1.1" 304 0 "http://lace.emagia.scm3-dev.emag.local/" "Mozilla/5.0 (Windows NT 10.0; Win64; x64) AppleWebKit/537.36 (KHTML, like Gecko) Chrome/60.0.3112.90 Safari/537.36"
192.168.12.193 - - [28/Aug/2017:11:11:31 +0300] "GET /characters/sonya.PNG HTTP/1.1" 200 248847 "http://lace.emagia.scm3-dev.emag.local/" "Mozilla/5.0 (Windows NT 10.0; Win64; x64) AppleWebKit/537.36 (KHTML, like Gecko) Chrome/60.0.3112.90 Safari/537.36"
192.168.12.193 - - [28/Aug/2017:11:11:31 +0300] "GET /characters/sindel.PNG HTTP/1.1" 200 257575 "http://lace.emagia.scm3-dev.emag.local/" "Mozilla/5.0 (Windows NT 10.0; Win64; x64) AppleWebKit/537.36 (KHTML, like Gecko) Chrome/60.0.3112.90 Safari/537.36"
10.97.16.232 - - [28/Aug/2017:11:11:31 +0300] "GET / HTTP/1.1" 200 11070 "-" "Mozilla/5.0 (Windows NT 10.0; Win64; x64) AppleWebKit/537.36 (KHTML, like Gecko) Chrome/60.0.3112.101 Safari/537.36"
10.97.16.232 - - [28/Aug/2017:11:11:31 +0300] "GET /favicon.ico HTTP/1.1" 200 2097 "http://lace.emagia.scm3-dev.emag.local/" "Mozilla/5.0 (Windows NT 10.0; Win64; x64) AppleWebKit/537.36 (KHTML, like Gecko) Chrome/60.0.3112.101 Safari/537.36"
192.168.12.193 - - [28/Aug/2017:11:11:31 +0300] "GET /_wdt/40aeb7 HTTP/1.1" 200 3791 "http://lace.emagia.scm3-dev.emag.local/" "Mozilla/5.0 (Windows NT 10.0; Win64; x64) AppleWebKit/537.36 (KHTML, like Gecko) Chrome/60.0.3112.90 Safari/537.36"
10.97.16.232 - - [28/Aug/2017:11:11:31 +0300] "GET /_wdt/7f70d1 HTTP/1.1" 200 3794 "http://lace.emagia.scm3-dev.emag.local/" "Mozilla/5.0 (Windows NT 10.0; Win64; x64) AppleWebKit/537.36 (KHTML, like Gecko) Chrome/60.0.3112.101 Safari/537.36"
10.97.16.232 - - [28/Aug/2017:11:11:39 +0300] "GET / HTTP/1.1" 200 11071 "-" "Mozilla/5.0 (Windows NT 10.0; Win64; x64) AppleWebKit/537.36 (KHTML, like Gecko) Chrome/60.0.3112.101 Safari/537.36"
10.97.16.232 - - [28/Aug/2017:11:11:40 +0300] "GET /favicon.ico HTTP/1.1" 200 2097 "http://lace.emagia.scm3-dev.emag.local/" "Mozilla/5.0 (Windows NT 10.0; Win64; x64) AppleWebKit/537.36 (KHTML, like Gecko) Chrome/60.0.3112.101 Safari/537.36"
10.97.16.232 - - [28/Aug/2017:11:11:40 +0300] "GET /_wdt/154f9f HTTP/1.1" 200 3794 "http://lace.emagia.scm3-dev.emag.local/" "Mozilla/5.0 (Windows NT 10.0; Win64; x64) AppleWebKit/537.36 (KHTML, like Gecko) Chrome/60.0.3112.101 Safari/537.36"
10.97.16.232 - - [28/Aug/2017:11:11:51 +0300] "GET / HTTP/1.1" 200 11069 "-" "Mozilla/5.0 (Windows NT 10.0; Win64; x64) AppleWebKit/537.36 (KHTML, like Gecko) Chrome/60.0.3112.101 Safari/537.36"
10.97.16.232 - - [28/Aug/2017:11:11:51 +0300] "GET /favicon.ico HTTP/1.1" 200 2097 "http://lace.emagia.scm3-dev.emag.local/" "Mozilla/5.0 (Windows NT 10.0; Win64; x64) AppleWebKit/537.36 (KHTML, like Gecko) Chrome/60.0.3112.101 Safari/537.36"
10.97.16.232 - - [28/Aug/2017:11:11:51 +0300] "GET /_wdt/016e7e HTTP/1.1" 200 3788 "http://lace.emagia.scm3-dev.emag.local/" "Mozilla/5.0 (Windows NT 10.0; Win64; x64) AppleWebKit/537.36 (KHTML, like Gecko) Chrome/60.0.3112.101 Safari/537.36"
192.168.12.193 - - [28/Aug/2017:11:12:04 +0300] "GET / HTTP/1.1" 200 11067 "-" "Mozilla/5.0 (Windows NT 10.0; Win64; x64) AppleWebKit/537.36 (KHTML, like Gecko) Chrome/60.0.3112.90 Safari/537.36"
192.168.12.193 - - [28/Aug/2017:11:12:04 +0300] "GET /favicon.ico HTTP/1.1" 200 2097 "http://lace.emagia.scm3-dev.emag.local/" "Mozilla/5.0 (Windows NT 10.0; Win64; x64) AppleWebKit/537.36 (KHTML, like Gecko) Chrome/60.0.3112.90 Safari/537.36"
192.168.12.193 - - [28/Aug/2017:11:12:04 +0300] "GET /_wdt/0ecada HTTP/1.1" 200 3795 "http://lace.emagia.scm3-dev.emag.local/" "Mozilla/5.0 (Windows NT 10.0; Win64; x64) AppleWebKit/537.36 (KHTML, like Gecko) Chrome/60.0.3112.90 Safari/537.36"
10.97.16.232 - - [28/Aug/2017:11:12:13 +0300] "GET / HTTP/1.1" 200 11070 "-" "Mozilla/5.0 (Windows NT 10.0; Win64; x64) AppleWebKit/537.36 (KHTML, like Gecko) Chrome/60.0.3112.101 Safari/537.36"
10.97.16.232 - - [28/Aug/2017:11:12:13 +0300] "GET /favicon.ico HTTP/1.1" 200 2097 "http://lace.emagia.scm3-dev.emag.local/" "Mozilla/5.0 (Windows NT 10.0; Win64; x64) AppleWebKit/537.36 (KHTML, like Gecko) Chrome/60.0.3112.101 Safari/537.36"
10.97.16.232 - - [28/Aug/2017:11:12:14 +0300] "GET /_wdt/436079 HTTP/1.1" 200 3793 "http://lace.emagia.scm3-dev.emag.local/" "Mozilla/5.0 (Windows NT 10.0; Win64; x64) AppleWebKit/537.36 (KHTML, like Gecko) Chrome/60.0.3112.101 Safari/537.36"
10.97.16.156 - - [28/Aug/2017:11:12:14 +0300] "GET / HTTP/1.1" 200 11127 "-" "Mozilla/5.0 (Windows NT 6.3; Win64; x64) AppleWebKit/537.36 (KHTML, like Gecko) Chrome/60.0.3112.113 Safari/537.36"
10.97.16.156 - - [28/Aug/2017:11:12:14 +0300] "GET /collapsable.css HTTP/1.1" 200 493 "http://lace.emagia.scm3-dev.emag.local/" "Mozilla/5.0 (Windows NT 6.3; Win64; x64) AppleWebKit/537.36 (KHTML, like Gecko) Chrome/60.0.3112.113 Safari/537.36"
10.97.16.156 - - [28/Aug/2017:11:12:14 +0300] "GET /characters/sonya.PNG HTTP/1.1" 200 248847 "http://lace.emagia.scm3-dev.emag.local/" "Mozilla/5.0 (Windows NT 6.3; Win64; x64) AppleWebKit/537.36 (KHTML, like Gecko) Chrome/60.0.3112.113 Safari/537.36"
10.97.16.156 - - [28/Aug/2017:11:12:14 +0300] "GET /characters/sindel.PNG HTTP/1.1" 200 257575 "http://lace.emagia.scm3-dev.emag.local/" "Mozilla/5.0 (Windows NT 6.3; Win64; x64) AppleWebKit/537.36 (KHTML, like Gecko) Chrome/60.0.3112.113 Safari/537.36"
10.97.16.156 - - [28/Aug/2017:11:12:14 +0300] "GET /favicon.ico HTTP/1.1" 200 2097 "http://lace.emagia.scm3-dev.emag.local/" "Mozilla/5.0 (Windows NT 6.3; Win64; x64) AppleWebKit/537.36 (KHTML, like Gecko) Chrome/60.0.3112.113 Safari/537.36"
10.97.16.156 - - [28/Aug/2017:11:12:14 +0300] "GET /characters/kitana.PNG HTTP/1.1" 200 308801 "http://lace.emagia.scm3-dev.emag.local/" "Mozilla/5.0 (Windows NT 6.3; Win64; x64) AppleWebKit/537.36 (KHTML, like Gecko) Chrome/60.0.3112.113 Safari/537.36"
10.97.16.156 - - [28/Aug/2017:11:12:14 +0300] "GET /_wdt/fa665a HTTP/1.1" 200 3792 "http://lace.emagia.scm3-dev.emag.local/" "Mozilla/5.0 (Windows NT 6.3; Win64; x64) AppleWebKit/537.36 (KHTML, like Gecko) Chrome/60.0.3112.113 Safari/537.36"
192.168.12.94 - - [28/Aug/2017:11:12:15 +0300] "GET / HTTP/1.1" 499 0 "-" "Mozilla/5.0 (Windows NT 10.0; WOW64; rv:54.0) Gecko/20100101 Firefox/54.0"
10.97.16.232 - - [28/Aug/2017:11:12:17 +0300] "GET / HTTP/1.1" 200 11129 "-" "Mozilla/5.0 (Windows NT 10.0; Win64; x64) AppleWebKit/537.36 (KHTML, like Gecko) Chrome/60.0.3112.101 Safari/537.36"
10.97.16.232 - - [28/Aug/2017:11:12:18 +0300] "GET /favicon.ico HTTP/1.1" 200 2097 "http://lace.emagia.scm3-dev.emag.local/" "Mozilla/5.0 (Windows NT 10.0; Win64; x64) AppleWebKit/537.36 (KHTML, like Gecko) Chrome/60.0.3112.101 Safari/537.36"
10.97.16.232 - - [28/Aug/2017:11:12:18 +0300] "GET /_wdt/de4fcc HTTP/1.1" 200 3793 "http://lace.emagia.scm3-dev.emag.local/" "Mozilla/5.0 (Windows NT 10.0; Win64; x64) AppleWebKit/537.36 (KHTML, like Gecko) Chrome/60.0.3112.101 Safari/537.36"
192.168.12.193 - - [28/Aug/2017:11:12:21 +0300] "GET / HTTP/1.1" 200 11129 "-" "Mozilla/5.0 (Windows NT 10.0; Win64; x64) AppleWebKit/537.36 (KHTML, like Gecko) Chrome/60.0.3112.90 Safari/537.36"
192.168.12.193 - - [28/Aug/2017:11:12:21 +0300] "GET /characters/kitana.PNG HTTP/1.1" 304 0 "http://lace.emagia.scm3-dev.emag.local/" "Mozilla/5.0 (Windows NT 10.0; Win64; x64) AppleWebKit/537.36 (KHTML, like Gecko) Chrome/60.0.3112.90 Safari/537.36"
192.168.12.193 - - [28/Aug/2017:11:12:21 +0300] "GET /favicon.ico HTTP/1.1" 200 2097 "http://lace.emagia.scm3-dev.emag.local/" "Mozilla/5.0 (Windows NT 10.0; Win64; x64) AppleWebKit/537.36 (KHTML, like Gecko) Chrome/60.0.3112.90 Safari/537.36"
192.168.12.193 - - [28/Aug/2017:11:12:21 +0300] "GET /_wdt/a1df17 HTTP/1.1" 200 3786 "http://lace.emagia.scm3-dev.emag.local/" "Mozilla/5.0 (Windows NT 10.0; Win64; x64) AppleWebKit/537.36 (KHTML, like Gecko) Chrome/60.0.3112.90 Safari/537.36"
10.97.16.232 - - [28/Aug/2017:11:12:38 +0300] "GET / HTTP/1.1" 200 11129 "-" "Mozilla/5.0 (Windows NT 10.0; Win64; x64) AppleWebKit/537.36 (KHTML, like Gecko) Chrome/60.0.3112.101 Safari/537.36"
10.97.16.232 - - [28/Aug/2017:11:12:38 +0300] "GET /favicon.ico HTTP/1.1" 200 2097 "http://lace.emagia.scm3-dev.emag.local/" "Mozilla/5.0 (Windows NT 10.0; Win64; x64) AppleWebKit/537.36 (KHTML, like Gecko) Chrome/60.0.3112.101 Safari/537.36"
10.97.16.232 - - [28/Aug/2017:11:12:38 +0300] "GET /_wdt/cb3da8 HTTP/1.1" 200 3784 "http://lace.emagia.scm3-dev.emag.local/" "Mozilla/5.0 (Windows NT 10.0; Win64; x64) AppleWebKit/537.36 (KHTML, like Gecko) Chrome/60.0.3112.101 Safari/537.36"
192.168.12.193 - - [28/Aug/2017:11:13:46 +0300] "GET / HTTP/1.1" 200 11127 "-" "Mozilla/5.0 (Windows NT 10.0; Win64; x64) AppleWebKit/537.36 (KHTML, like Gecko) Chrome/60.0.3112.90 Safari/537.36"
192.168.12.193 - - [28/Aug/2017:11:13:46 +0300] "GET /favicon.ico HTTP/1.1" 200 2097 "http://lace.emagia.scm3-dev.emag.local/" "Mozilla/5.0 (Windows NT 10.0; Win64; x64) AppleWebKit/537.36 (KHTML, like Gecko) Chrome/60.0.3112.90 Safari/537.36"
192.168.12.193 - - [28/Aug/2017:11:13:46 +0300] "GET /_wdt/1f1df5 HTTP/1.1" 200 3787 "http://lace.emagia.scm3-dev.emag.local/" "Mozilla/5.0 (Windows NT 10.0; Win64; x64) AppleWebKit/537.36 (KHTML, like Gecko) Chrome/60.0.3112.90 Safari/537.36"
192.168.12.100 - - [28/Aug/2017:11:14:29 +0300] "GET / HTTP/1.1" 200 11181 "-" "Mozilla/5.0 (Windows NT 10.0; Win64; x64) AppleWebKit/537.36 (KHTML, like Gecko) Chrome/60.0.3112.90 Safari/537.36"
192.168.12.100 - - [28/Aug/2017:11:14:29 +0300] "GET /collapsable.css HTTP/1.1" 200 493 "http://lace.emagia.scm3-dev.emag.local/" "Mozilla/5.0 (Windows NT 10.0; Win64; x64) AppleWebKit/537.36 (KHTML, like Gecko) Chrome/60.0.3112.90 Safari/537.36"
192.168.12.100 - - [28/Aug/2017:11:14:29 +0300] "GET /characters/sonya.PNG HTTP/1.1" 200 248847 "http://lace.emagia.scm3-dev.emag.local/" "Mozilla/5.0 (Windows NT 10.0; Win64; x64) AppleWebKit/537.36 (KHTML, like Gecko) Chrome/60.0.3112.90 Safari/537.36"
192.168.12.100 - - [28/Aug/2017:11:14:29 +0300] "GET /characters/sindel.PNG HTTP/1.1" 200 257575 "http://lace.emagia.scm3-dev.emag.local/" "Mozilla/5.0 (Windows NT 10.0; Win64; x64) AppleWebKit/537.36 (KHTML, like Gecko) Chrome/60.0.3112.90 Safari/537.36"
192.168.12.100 - - [28/Aug/2017:11:14:29 +0300] "GET /characters/kitana.PNG HTTP/1.1" 200 308801 "http://lace.emagia.scm3-dev.emag.local/" "Mozilla/5.0 (Windows NT 10.0; Win64; x64) AppleWebKit/537.36 (KHTML, like Gecko) Chrome/60.0.3112.90 Safari/537.36"
192.168.12.100 - - [28/Aug/2017:11:14:29 +0300] "GET /characters/sheeva.PNG HTTP/1.1" 200 353606 "http://lace.emagia.scm3-dev.emag.local/" "Mozilla/5.0 (Windows NT 10.0; Win64; x64) AppleWebKit/537.36 (KHTML, like Gecko) Chrome/60.0.3112.90 Safari/537.36"
192.168.12.100 - - [28/Aug/2017:11:14:29 +0300] "GET /favicon.ico HTTP/1.1" 200 2097 "http://lace.emagia.scm3-dev.emag.local/" "Mozilla/5.0 (Windows NT 10.0; Win64; x64) AppleWebKit/537.36 (KHTML, like Gecko) Chrome/60.0.3112.90 Safari/537.36"
192.168.12.100 - - [28/Aug/2017:11:14:30 +0300] "GET /_wdt/dd285d HTTP/1.1" 200 3790 "http://lace.emagia.scm3-dev.emag.local/" "Mozilla/5.0 (Windows NT 10.0; Win64; x64) AppleWebKit/537.36 (KHTML, like Gecko) Chrome/60.0.3112.90 Safari/537.36"
192.168.12.193 - - [28/Aug/2017:11:14:32 +0300] "GET / HTTP/1.1" 200 11183 "-" "Mozilla/5.0 (Windows NT 10.0; Win64; x64) AppleWebKit/537.36 (KHTML, like Gecko) Chrome/60.0.3112.90 Safari/537.36"
192.168.12.159 - - [28/Aug/2017:11:14:32 +0300] "GET / HTTP/1.1" 500 160716 "-" "Mozilla/5.0 (Windows NT 10.0; Win64; x64) AppleWebKit/537.36 (KHTML, like Gecko) Chrome/60.0.3112.101 Safari/537.36"
192.168.12.193 - - [28/Aug/2017:11:14:32 +0300] "GET /characters/sheeva.PNG HTTP/1.1" 200 353606 "http://lace.emagia.scm3-dev.emag.local/" "Mozilla/5.0 (Windows NT 10.0; Win64; x64) AppleWebKit/537.36 (KHTML, like Gecko) Chrome/60.0.3112.90 Safari/537.36"
192.168.12.193 - - [28/Aug/2017:11:14:32 +0300] "GET /favicon.ico HTTP/1.1" 200 2097 "http://lace.emagia.scm3-dev.emag.local/" "Mozilla/5.0 (Windows NT 10.0; Win64; x64) AppleWebKit/537.36 (KHTML, like Gecko) Chrome/60.0.3112.90 Safari/537.36"
192.168.12.193 - - [28/Aug/2017:11:14:32 +0300] "GET /_wdt/1d7849 HTTP/1.1" 200 3791 "http://lace.emagia.scm3-dev.emag.local/" "Mozilla/5.0 (Windows NT 10.0; Win64; x64) AppleWebKit/537.36 (KHTML, like Gecko) Chrome/60.0.3112.90 Safari/537.36"
192.168.12.159 - - [28/Aug/2017:11:14:33 +0300] "GET /_wdt/b6acb1 HTTP/1.1" 200 3846 "http://lace.emagia.scm3-dev.emag.local/" "Mozilla/5.0 (Windows NT 10.0; Win64; x64) AppleWebKit/537.36 (KHTML, like Gecko) Chrome/60.0.3112.101 Safari/537.36"
192.168.12.193 - - [28/Aug/2017:11:14:37 +0300] "GET / HTTP/1.1" 200 11185 "-" "Mozilla/5.0 (Windows NT 10.0; Win64; x64) AppleWebKit/537.36 (KHTML, like Gecko) Chrome/60.0.3112.90 Safari/537.36"
10.97.16.156 - - [28/Aug/2017:11:14:37 +0300] "GET / HTTP/1.1" 200 11182 "-" "Mozilla/5.0 (Windows NT 6.3; Win64; x64) AppleWebKit/537.36 (KHTML, like Gecko) Chrome/60.0.3112.113 Safari/537.36"
192.168.12.193 - - [28/Aug/2017:11:14:37 +0300] "GET /favicon.ico HTTP/1.1" 200 2097 "http://lace.emagia.scm3-dev.emag.local/" "Mozilla/5.0 (Windows NT 10.0; Win64; x64) AppleWebKit/537.36 (KHTML, like Gecko) Chrome/60.0.3112.90 Safari/537.36"
10.97.16.156 - - [28/Aug/2017:11:14:37 +0300] "GET /characters/sheeva.PNG HTTP/1.1" 200 353606 "http://lace.emagia.scm3-dev.emag.local/" "Mozilla/5.0 (Windows NT 6.3; Win64; x64) AppleWebKit/537.36 (KHTML, like Gecko) Chrome/60.0.3112.113 Safari/537.36"
192.168.12.193 - - [28/Aug/2017:11:14:37 +0300] "GET /_wdt/53807f HTTP/1.1" 200 3790 "http://lace.emagia.scm3-dev.emag.local/" "Mozilla/5.0 (Windows NT 10.0; Win64; x64) AppleWebKit/537.36 (KHTML, like Gecko) Chrome/60.0.3112.90 Safari/537.36"
10.97.16.156 - - [28/Aug/2017:11:14:37 +0300] "GET /_wdt/01ee5b HTTP/1.1" 200 3793 "http://lace.emagia.scm3-dev.emag.local/" "Mozilla/5.0 (Windows NT 6.3; Win64; x64) AppleWebKit/537.36 (KHTML, like Gecko) Chrome/60.0.3112.113 Safari/537.36"
10.97.16.232 - - [28/Aug/2017:11:14:38 +0300] "GET / HTTP/1.1" 200 11184 "-" "Mozilla/5.0 (Windows NT 10.0; Win64; x64) AppleWebKit/537.36 (KHTML, like Gecko) Chrome/60.0.3112.101 Safari/537.36"
10.97.16.232 - - [28/Aug/2017:11:14:38 +0300] "GET /favicon.ico HTTP/1.1" 200 2097 "http://lace.emagia.scm3-dev.emag.local/" "Mozilla/5.0 (Windows NT 10.0; Win64; x64) AppleWebKit/537.36 (KHTML, like Gecko) Chrome/60.0.3112.101 Safari/537.36"
10.97.16.232 - - [28/Aug/2017:11:14:38 +0300] "GET /_wdt/065793 HTTP/1.1" 200 3787 "http://lace.emagia.scm3-dev.emag.local/" "Mozilla/5.0 (Windows NT 10.0; Win64; x64) AppleWebKit/537.36 (KHTML, like Gecko) Chrome/60.0.3112.101 Safari/537.36"
192.168.12.159 - - [28/Aug/2017:11:14:43 +0300] "GET / HTTP/1.1" 500 160692 "-" "Mozilla/5.0 (Windows NT 10.0; Win64; x64) AppleWebKit/537.36 (KHTML, like Gecko) Chrome/60.0.3112.101 Safari/537.36"
192.168.12.159 - - [28/Aug/2017:11:14:43 +0300] "GET /_wdt/3c941d HTTP/1.1" 200 3846 "http://lace.emagia.scm3-dev.emag.local/" "Mozilla/5.0 (Windows NT 10.0; Win64; x64) AppleWebKit/537.36 (KHTML, like Gecko) Chrome/60.0.3112.101 Safari/537.36"
10.97.16.156 - - [28/Aug/2017:11:14:46 +0300] "GET / HTTP/1.1" 200 11178 "-" "Mozilla/5.0 (Windows NT 6.3; Win64; x64) AppleWebKit/537.36 (KHTML, like Gecko) Chrome/60.0.3112.113 Safari/537.36"
10.97.16.156 - - [28/Aug/2017:11:14:46 +0300] "GET /_wdt/601ed8 HTTP/1.1" 200 3790 "http://lace.emagia.scm3-dev.emag.local/" "Mozilla/5.0 (Windows NT 6.3; Win64; x64) AppleWebKit/537.36 (KHTML, like Gecko) Chrome/60.0.3112.113 Safari/537.36"
10.97.14.105 - - [28/Aug/2017:11:14:52 +0300] "GET / HTTP/1.1" 500 160692 "-" "Mozilla/5.0 (Windows NT 10.0; WOW64; rv:54.0) Gecko/20100101 Firefox/54.0"
10.97.14.105 - - [28/Aug/2017:11:14:52 +0300] "GET /_wdt/6c84fb HTTP/1.1" 200 3848 "http://lace.emagia.scm3-dev.emag.local/" "Mozilla/5.0 (Windows NT 10.0; WOW64; rv:54.0) Gecko/20100101 Firefox/54.0"
10.97.16.229 - - [28/Aug/2017:11:15:20 +0300] "GET / HTTP/1.1" 500 160669 "-" "Mozilla/5.0 (Windows NT 6.3; Win64; x64; rv:57.0) Gecko/20100101 Firefox/57.0"
10.97.16.229 - - [28/Aug/2017:11:15:20 +0300] "GET /_wdt/a19fe7 HTTP/1.1" 200 3847 "http://lace.emagia.scm3-dev.emag.local/" "Mozilla/5.0 (Windows NT 6.3; Win64; x64; rv:57.0) Gecko/20100101 Firefox/57.0"
10.97.16.232 - - [28/Aug/2017:11:15:25 +0300] "GET / HTTP/1.1" 200 11181 "-" "Mozilla/5.0 (Windows NT 10.0; Win64; x64) AppleWebKit/537.36 (KHTML, like Gecko) Chrome/60.0.3112.101 Safari/537.36"
10.97.16.232 - - [28/Aug/2017:11:15:25 +0300] "GET /favicon.ico HTTP/1.1" 200 2097 "http://lace.emagia.scm3-dev.emag.local/" "Mozilla/5.0 (Windows NT 10.0; Win64; x64) AppleWebKit/537.36 (KHTML, like Gecko) Chrome/60.0.3112.101 Safari/537.36"
10.97.16.232 - - [28/Aug/2017:11:15:25 +0300] "GET /_wdt/bc612b HTTP/1.1" 200 3786 "http://lace.emagia.scm3-dev.emag.local/" "Mozilla/5.0 (Windows NT 10.0; Win64; x64) AppleWebKit/537.36 (KHTML, like Gecko) Chrome/60.0.3112.101 Safari/537.36"
10.97.16.229 - - [28/Aug/2017:11:15:27 +0300] "GET / HTTP/1.1" 500 160669 "-" "Mozilla/5.0 (Windows NT 6.3; Win64; x64) AppleWebKit/537.36 (KHTML, like Gecko) Chrome/60.0.3112.101 Safari/537.36"
10.97.16.229 - - [28/Aug/2017:11:15:28 +0300] "GET /_wdt/a87500 HTTP/1.1" 200 3846 "http://lace.emagia.scm3-dev.emag.local/" "Mozilla/5.0 (Windows NT 6.3; Win64; x64) AppleWebKit/537.36 (KHTML, like Gecko) Chrome/60.0.3112.101 Safari/537.36"
10.97.16.186 - - [28/Aug/2017:11:16:24 +0300] "GET / HTTP/1.1" 500 160692 "-" "Mozilla/5.0 (Windows NT 6.3; WOW64; rv:54.0) Gecko/20100101 Firefox/54.0"
10.97.16.186 - - [28/Aug/2017:11:16:25 +0300] "GET /_wdt/44adfd HTTP/1.1" 200 3844 "http://lace.emagia.scm3-dev.emag.local/" "Mozilla/5.0 (Windows NT 6.3; WOW64; rv:54.0) Gecko/20100101 Firefox/54.0"
192.168.12.94 - - [28/Aug/2017:11:17:12 +0300] "GET / HTTP/1.1" 504 578 "-" "Mozilla/5.0 (Windows NT 10.0; Win64; x64) AppleWebKit/537.36 (KHTML, like Gecko) Chrome/60.0.3112.101 Safari/537.36"
192.168.12.94 - - [28/Aug/2017:11:17:15 +0300] "GET /favicon.ico HTTP/1.1" 200 2097 "http://lace.emagia.scm3-dev.emag.local/" "Mozilla/5.0 (Windows NT 10.0; Win64; x64) AppleWebKit/537.36 (KHTML, like Gecko) Chrome/60.0.3112.101 Safari/537.36"
10.97.16.186 - - [28/Aug/2017:11:17:26 +0300] "GET / HTTP/1.1" 500 160669 "-" "Mozilla/5.0 (Windows NT 6.3; WOW64; rv:54.0) Gecko/20100101 Firefox/54.0"
10.97.16.186 - - [28/Aug/2017:11:17:27 +0300] "GET /_wdt/c9e4df HTTP/1.1" 200 3844 "http://lace.emagia.scm3-dev.emag.local/" "Mozilla/5.0 (Windows NT 6.3; WOW64; rv:54.0) Gecko/20100101 Firefox/54.0"
10.97.16.186 - - [28/Aug/2017:11:17:36 +0300] "GET / HTTP/1.1" 500 160692 "-" "Mozilla/5.0 (Windows NT 6.3; WOW64; rv:54.0) Gecko/20100101 Firefox/54.0"
10.97.16.186 - - [28/Aug/2017:11:17:37 +0300] "GET /_wdt/542378 HTTP/1.1" 200 3846 "http://lace.emagia.scm3-dev.emag.local/" "Mozilla/5.0 (Windows NT 6.3; WOW64; rv:54.0) Gecko/20100101 Firefox/54.0"
10.97.16.156 - - [28/Aug/2017:11:17:52 +0300] "GET / HTTP/1.1" 200 11183 "-" "Mozilla/5.0 (Windows NT 6.3; Win64; x64) AppleWebKit/537.36 (KHTML, like Gecko) Chrome/60.0.3112.113 Safari/537.36"
10.97.16.156 - - [28/Aug/2017:11:17:52 +0300] "GET /_wdt/588bf4 HTTP/1.1" 200 3788 "http://lace.emagia.scm3-dev.emag.local/" "Mozilla/5.0 (Windows NT 6.3; Win64; x64) AppleWebKit/537.36 (KHTML, like Gecko) Chrome/60.0.3112.113 Safari/537.36"
10.97.16.156 - - [28/Aug/2017:11:17:54 +0300] "GET / HTTP/1.1" 200 11180 "-" "Mozilla/5.0 (Windows NT 6.3; Win64; x64) AppleWebKit/537.36 (KHTML, like Gecko) Chrome/60.0.3112.113 Safari/537.36"
10.97.16.156 - - [28/Aug/2017:11:17:54 +0300] "GET /favicon.ico HTTP/1.1" 200 2097 "http://lace.emagia.scm3-dev.emag.local/" "Mozilla/5.0 (Windows NT 6.3; Win64; x64) AppleWebKit/537.36 (KHTML, like Gecko) Chrome/60.0.3112.113 Safari/537.36"
10.97.16.156 - - [28/Aug/2017:11:17:54 +0300] "GET /_wdt/944642 HTTP/1.1" 200 3791 "http://lace.emagia.scm3-dev.emag.local/" "Mozilla/5.0 (Windows NT 6.3; Win64; x64) AppleWebKit/537.36 (KHTML, like Gecko) Chrome/60.0.3112.113 Safari/537.36"
10.97.16.156 - - [28/Aug/2017:11:17:55 +0300] "GET / HTTP/1.1" 200 11182 "-" "Mozilla/5.0 (Windows NT 6.3; Win64; x64) AppleWebKit/537.36 (KHTML, like Gecko) Chrome/60.0.3112.113 Safari/537.36"
10.97.16.156 - - [28/Aug/2017:11:17:55 +0300] "GET /favicon.ico HTTP/1.1" 200 2097 "http://lace.emagia.scm3-dev.emag.local/" "Mozilla/5.0 (Windows NT 6.3; Win64; x64) AppleWebKit/537.36 (KHTML, like Gecko) Chrome/60.0.3112.113 Safari/537.36"
10.97.16.156 - - [28/Aug/2017:11:17:55 +0300] "GET /_wdt/e2c2db HTTP/1.1" 200 3790 "http://lace.emagia.scm3-dev.emag.local/" "Mozilla/5.0 (Windows NT 6.3; Win64; x64) AppleWebKit/537.36 (KHTML, like Gecko) Chrome/60.0.3112.113 Safari/537.36"
192.168.12.94 - - [28/Aug/2017:11:17:58 +0300] "GET / HTTP/1.1" 504 176 "-" "Mozilla/5.0 (Windows NT 10.0; WOW64; rv:54.0) Gecko/20100101 Firefox/54.0"
192.168.12.94 - - [28/Aug/2017:11:17:58 +0300] "GET /favicon.ico HTTP/1.1" 200 2097 "-" "Mozilla/5.0 (Windows NT 10.0; WOW64; rv:54.0) Gecko/20100101 Firefox/54.0"
10.97.16.156 - - [28/Aug/2017:11:18:02 +0300] "GET / HTTP/1.1" 200 11181 "-" "Mozilla/5.0 (Windows NT 6.3; Win64; x64) AppleWebKit/537.36 (KHTML, like Gecko) Chrome/60.0.3112.113 Safari/537.36"
10.97.16.156 - - [28/Aug/2017:11:18:02 +0300] "GET /_wdt/9e9de8 HTTP/1.1" 200 3790 "http://lace.emagia.scm3-dev.emag.local/" "Mozilla/5.0 (Windows NT 6.3; Win64; x64) AppleWebKit/537.36 (KHTML, like Gecko) Chrome/60.0.3112.113 Safari/537.36"
10.97.16.156 - - [28/Aug/2017:11:18:03 +0300] "GET / HTTP/1.1" 200 11185 "-" "Mozilla/5.0 (Windows NT 6.3; Win64; x64) AppleWebKit/537.36 (KHTML, like Gecko) Chrome/60.0.3112.113 Safari/537.36"
10.97.16.156 - - [28/Aug/2017:11:18:03 +0300] "GET /_wdt/469627 HTTP/1.1" 200 3789 "http://lace.emagia.scm3-dev.emag.local/" "Mozilla/5.0 (Windows NT 6.3; Win64; x64) AppleWebKit/537.36 (KHTML, like Gecko) Chrome/60.0.3112.113 Safari/537.36"
10.97.16.156 - - [28/Aug/2017:11:18:08 +0300] "GET /app_Dev.php HTTP/1.1" 404 37193 "-" "Mozilla/5.0 (Windows NT 6.3; Win64; x64) AppleWebKit/537.36 (KHTML, like Gecko) Chrome/60.0.3112.113 Safari/537.36"
10.97.16.156 - - [28/Aug/2017:11:18:08 +0300] "GET /_wdt/d57930 HTTP/1.1" 200 3237 "http://lace.emagia.scm3-dev.emag.local/app_Dev.php" "Mozilla/5.0 (Windows NT 6.3; Win64; x64) AppleWebKit/537.36 (KHTML, like Gecko) Chrome/60.0.3112.113 Safari/537.36"
10.97.16.156 - - [28/Aug/2017:11:18:12 +0300] "GET /app_Dev.php HTTP/1.1" 404 37195 "-" "Mozilla/5.0 (Windows NT 6.3; Win64; x64) AppleWebKit/537.36 (KHTML, like Gecko) Chrome/60.0.3112.113 Safari/537.36"
10.97.16.156 - - [28/Aug/2017:11:18:13 +0300] "GET /_wdt/e19c82 HTTP/1.1" 200 3232 "http://lace.emagia.scm3-dev.emag.local/app_Dev.php" "Mozilla/5.0 (Windows NT 6.3; Win64; x64) AppleWebKit/537.36 (KHTML, like Gecko) Chrome/60.0.3112.113 Safari/537.36"
10.97.16.156 - - [28/Aug/2017:11:18:15 +0300] "GET /app_dev.php HTTP/1.1" 200 11194 "-" "Mozilla/5.0 (Windows NT 6.3; Win64; x64) AppleWebKit/537.36 (KHTML, like Gecko) Chrome/60.0.3112.113 Safari/537.36"
10.97.16.156 - - [28/Aug/2017:11:18:16 +0300] "GET /app_dev.php/_wdt/3a1834 HTTP/1.1" 200 3801 "http://lace.emagia.scm3-dev.emag.local/app_dev.php" "Mozilla/5.0 (Windows NT 6.3; Win64; x64) AppleWebKit/537.36 (KHTML, like Gecko) Chrome/60.0.3112.113 Safari/537.36"
